
 Start         Length     Name                   Class
 0001:00000000 0006E73CH .text                   CODE
 0002:00000000 0000746CH .data                   DATA
 0002:0000746C 0000BA1DH .bss                    BSS


Detailed map of segments

 0001:00000000 00004D90 C=CODE     S=.text    G=(none)   M=System   ACBP=A9
 0001:00004D90 00000174 C=CODE     S=.text    G=(none)   M=SysInit  ACBP=A9
 0001:00004F04 00000B94 C=CODE     S=.text    G=(none)   M=Windows  ACBP=A9
 0001:00005A98 00000038 C=CODE     S=.text    G=(none)   M=Messages ACBP=A9
 0001:00005AD0 000002C8 C=CODE     S=.text    G=(none)   M=SysConst ACBP=A9
 0001:00005D98 00004214 C=CODE     S=.text    G=(none)   M=SysUtils ACBP=A9
 0001:00009FAC 00000040 C=CODE     S=.text    G=(none)   M=ActiveX  ACBP=A9
 0001:00009FEC 000003E0 C=CODE     S=.text    G=(none)   M=Consts   ACBP=A9
 0001:0000A3CC 00000544 C=CODE     S=.text    G=(none)   M=TypInfo  ACBP=A9
 0001:0000A910 00007EE1 C=CODE     S=.text    G=(none)   M=Classes  ACBP=A9
 0001:000127F4 0000876B C=CODE     S=.text    G=(none)   M=Graphics ACBP=A9
 0001:0001AF60 00000198 C=CODE     S=.text    G=(none)   M=Commctrl ACBP=A9
 0001:0001B0F8 00000783 C=CODE     S=.text    G=(none)   M=MultiMon ACBP=A9
 0001:0001B87C 00000038 C=CODE     S=.text    G=(none)   M=Imm      ACBP=A9
 0001:0001B8B4 00000048 C=CODE     S=.text    G=(none)   M=Math     ACBP=A9
 0001:0001B8FC 00000038 C=CODE     S=.text    G=(none)   M=WinSpool ACBP=A9
 0001:0001B934 00000044 C=CODE     S=.text    G=(none)   M=Printers ACBP=A9
 0001:0001B978 0000033B C=CODE     S=.text    G=(none)   M=FlatSB   ACBP=A9
 0001:0001BCB4 00005E7C C=CODE     S=.text    G=(none)   M=StdCtrls ACBP=A9
 0001:00021B30 00000674 C=CODE     S=.text    G=(none)   M=Clipbrd  ACBP=A9
 0001:000221A4 0000015C C=CODE     S=.text    G=(none)   M=StdActns ACBP=A9
 0001:00022300 0000F13F C=CODE     S=.text    G=(none)   M=Controls ACBP=A9
 0001:00031440 00000E38 C=CODE     S=.text    G=(none)   M=ActnList ACBP=A9
 0001:00032278 00001BB0 C=CODE     S=.text    G=(none)   M=ImgList  ACBP=A9
 0001:00033E28 000044D6 C=CODE     S=.text    G=(none)   M=Menus    ACBP=A9
 0001:00038300 0000BFB3 C=CODE     S=.text    G=(none)   M=Forms    ACBP=A9
 0001:000442B4 00000048 C=CODE     S=.text    G=(none)   M=CommDlg  ACBP=A9
 0001:000442FC 00001EEC C=CODE     S=.text    G=(none)   M=ExtCtrls ACBP=A9
 0001:000461E8 00000038 C=CODE     S=.text    G=(none)   M=Dlgs     ACBP=A9
 0001:00046220 00001519 C=CODE     S=.text    G=(none)   M=Dialogs  ACBP=A9
 0001:0004773C 00000038 C=CODE     S=.text    G=(none)   M=RichEdit ACBP=A9
 0001:00047774 00000038 C=CODE     S=.text    G=(none)   M=ToolWin  ACBP=A9
 0001:000477AC 00000078 C=CODE     S=.text    G=(none)   M=ComStrs  ACBP=A9
 0001:00047824 00004B90 C=CODE     S=.text    G=(none)   M=ComCtrls ACBP=A9
 0001:0004C3B4 00003055 C=CODE     S=.text    G=(none)   M=Buttons  ACBP=A9
 0001:0004F40C 00002980 C=CODE     S=.text    G=(none)   M=Mask     ACBP=A9
 0001:00051D8C 00008E50 C=CODE     S=.text    G=(none)   M=Grids    ACBP=A9
 0001:0005ABDC 000008C4 C=CODE     S=.text    G=(none)   M=iDebug   ACBP=A9
 0001:0005B4A0 00000468 C=CODE     S=.text    G=(none)   M=Q_SORT   ACBP=A9
 0001:0005B908 000016C8 C=CODE     S=.text    G=(none)   M=MapWork  ACBP=A9
 0001:0005CFD0 00000038 C=CODE     S=.text    G=(none)   M=CommDef  ACBP=A9
 0001:0005D008 00001060 C=CODE     S=.text    G=(none)   M=C_wrap   ACBP=A9
 0001:0005E068 00000810 C=CODE     S=.text    G=(none)   M=FuncMngr ACBP=A9
 0001:0005E878 00004428 C=CODE     S=.text    G=(none)   M=VarsMngr ACBP=A9
 0001:00062CA0 00003018 C=CODE     S=.text    G=(none)   M=bkCtrl   ACBP=A9
 0001:00065CB8 00008864 C=CODE     S=.text    G=(none)   M=C_Runner ACBP=A9
 0001:0006E51C 0000021D C=CODE     S=.text    G=(none)   M=RunRobot ACBP=A9
 0002:00000000 0000009A C=DATA     S=.data    G=DGROUP   M=System   ACBP=A9
 0002:0000009C 00000018 C=DATA     S=.data    G=DGROUP   M=SysInit  ACBP=A9
 0002:000000B4 000001E8 C=DATA     S=.data    G=DGROUP   M=SysUtils ACBP=A9
 0002:0000029C 00000010 C=DATA     S=.data    G=DGROUP   M=TypInfo  ACBP=A9
 0002:000002AC 00000058 C=DATA     S=.data    G=DGROUP   M=Classes  ACBP=A9
 0002:00000304 000002B4 C=DATA     S=.data    G=DGROUP   M=Graphics ACBP=A9
 0002:000005B8 00000004 C=DATA     S=.data    G=DGROUP   M=Printers ACBP=A9
 0002:000005BC 000000A8 C=DATA     S=.data    G=DGROUP   M=StdCtrls ACBP=A9
 0002:00000664 00000128 C=DATA     S=.data    G=DGROUP   M=Controls ACBP=A9
 0002:0000078C 00000020 C=DATA     S=.data    G=DGROUP   M=ImgList  ACBP=A9
 0002:000007AC 000000D8 C=DATA     S=.data    G=DGROUP   M=Menus    ACBP=A9
 0002:00000884 00000138 C=DATA     S=.data    G=DGROUP   M=Forms    ACBP=A9
 0002:000009BC 00000014 C=DATA     S=.data    G=DGROUP   M=ExtCtrls ACBP=A9
 0002:000009D0 000000C4 C=DATA     S=.data    G=DGROUP   M=Dialogs  ACBP=A9
 0002:00000A94 00000074 C=DATA     S=.data    G=DGROUP   M=ComCtrls ACBP=A9
 0002:00000B08 0000009E C=DATA     S=.data    G=DGROUP   M=Buttons  ACBP=A9
 0002:00000BA8 00000009 C=DATA     S=.data    G=DGROUP   M=Mask     ACBP=A9
 0002:00000BB4 00000006 C=DATA     S=.data    G=DGROUP   M=Grids    ACBP=A9
 0002:00000BBC 00000004 C=DATA     S=.data    G=DGROUP   M=iDebug   ACBP=A9
 0002:00000BC0 00000004 C=DATA     S=.data    G=DGROUP   M=Q_SORT   ACBP=A9
 0002:00000BC4 00000004 C=DATA     S=.data    G=DGROUP   M=MapWork  ACBP=A9
 0002:00000BC8 00000010 C=DATA     S=.data    G=DGROUP   M=C_wrap   ACBP=A9
 0002:00000BD8 00001040 C=DATA     S=.data    G=DGROUP   M=FuncMngr ACBP=A9
 0002:00001C18 00000781 C=DATA     S=.data    G=DGROUP   M=VarsMngr ACBP=A9
 0002:0000239C 00001D30 C=DATA     S=.data    G=DGROUP   M=bkCtrl   ACBP=A9
 0002:000040CC 00002FA0 C=DATA     S=.data    G=DGROUP   M=C_Runner ACBP=A9
 0002:00008000 000004CC C=BSS      S=.bss     G=DGROUP   M=System   ACBP=A9
 0002:000084CC 00000018 C=BSS      S=.bss     G=DGROUP   M=SysInit  ACBP=A9
 0002:000084E4 00000004 C=BSS      S=.bss     G=DGROUP   M=Windows  ACBP=A9
 0002:000084E8 00000004 C=BSS      S=.bss     G=DGROUP   M=Messages ACBP=A9
 0002:000084EC 00000004 C=BSS      S=.bss     G=DGROUP   M=SysConst ACBP=A9
 0002:000084F0 00000114 C=BSS      S=.bss     G=DGROUP   M=SysUtils ACBP=A9
 0002:00008604 00000004 C=BSS      S=.bss     G=DGROUP   M=ActiveX  ACBP=A9
 0002:00008608 00000004 C=BSS      S=.bss     G=DGROUP   M=Consts   ACBP=A9
 0002:0000860C 00000004 C=BSS      S=.bss     G=DGROUP   M=TypInfo  ACBP=A9
 0002:00008610 00000020 C=BSS      S=.bss     G=DGROUP   M=Classes  ACBP=A9
 0002:00008630 00000060 C=BSS      S=.bss     G=DGROUP   M=Graphics ACBP=A9
 0002:00008690 0000000C C=BSS      S=.bss     G=DGROUP   M=Commctrl ACBP=A9
 0002:0000869C 00000031 C=BSS      S=.bss     G=DGROUP   M=MultiMon ACBP=A9
 0002:000086D0 00000004 C=BSS      S=.bss     G=DGROUP   M=Imm      ACBP=A9
 0002:000086D4 00000004 C=BSS      S=.bss     G=DGROUP   M=Math     ACBP=A9
 0002:000086D8 00000004 C=BSS      S=.bss     G=DGROUP   M=WinSpool ACBP=A9
 0002:000086DC 00000004 C=BSS      S=.bss     G=DGROUP   M=Printers ACBP=A9
 0002:000086E0 00000034 C=BSS      S=.bss     G=DGROUP   M=FlatSB   ACBP=A9
 0002:00008714 00000004 C=BSS      S=.bss     G=DGROUP   M=StdCtrls ACBP=A9
 0002:00008718 0000000C C=BSS      S=.bss     G=DGROUP   M=Clipbrd  ACBP=A9
 0002:00008724 00000004 C=BSS      S=.bss     G=DGROUP   M=StdActns ACBP=A9
 0002:00008728 00000070 C=BSS      S=.bss     G=DGROUP   M=Controls ACBP=A9
 0002:00008798 00000004 C=BSS      S=.bss     G=DGROUP   M=ActnList ACBP=A9
 0002:0000879C 00000004 C=BSS      S=.bss     G=DGROUP   M=ImgList  ACBP=A9
 0002:000087A0 0000000C C=BSS      S=.bss     G=DGROUP   M=Menus    ACBP=A9
 0002:000087AC 00000044 C=BSS      S=.bss     G=DGROUP   M=Forms    ACBP=A9
 0002:000087F0 00000004 C=BSS      S=.bss     G=DGROUP   M=CommDlg  ACBP=A9
 0002:000087F4 00000004 C=BSS      S=.bss     G=DGROUP   M=ExtCtrls ACBP=A9
 0002:000087F8 00000004 C=BSS      S=.bss     G=DGROUP   M=Dlgs     ACBP=A9
 0002:000087FC 0000000D C=BSS      S=.bss     G=DGROUP   M=Dialogs  ACBP=A9
 0002:0000880C 00000004 C=BSS      S=.bss     G=DGROUP   M=RichEdit ACBP=A9
 0002:00008810 00000004 C=BSS      S=.bss     G=DGROUP   M=ToolWin  ACBP=A9
 0002:00008814 00000004 C=BSS      S=.bss     G=DGROUP   M=ComStrs  ACBP=A9
 0002:00008818 00000008 C=BSS      S=.bss     G=DGROUP   M=ComCtrls ACBP=A9
 0002:00008820 00000030 C=BSS      S=.bss     G=DGROUP   M=Buttons  ACBP=A9
 0002:00008850 00000004 C=BSS      S=.bss     G=DGROUP   M=Mask     ACBP=A9
 0002:00008854 00000004 C=BSS      S=.bss     G=DGROUP   M=Grids    ACBP=A9
 0002:00008858 00000024 C=BSS      S=.bss     G=DGROUP   M=iDebug   ACBP=A9
 0002:0000887C 0000001C C=BSS      S=.bss     G=DGROUP   M=Q_SORT   ACBP=A9
 0002:00008898 00000054 C=BSS      S=.bss     G=DGROUP   M=MapWork  ACBP=A9
 0002:000088EC 00000004 C=BSS      S=.bss     G=DGROUP   M=CommDef  ACBP=A9
 0002:000088F0 00000210 C=BSS      S=.bss     G=DGROUP   M=C_wrap   ACBP=A9
 0002:00008B00 00000008 C=BSS      S=.bss     G=DGROUP   M=FuncMngr ACBP=A9
 0002:00008B08 000005A0 C=BSS      S=.bss     G=DGROUP   M=VarsMngr ACBP=A9
 0002:000090A8 00004150 C=BSS      S=.bss     G=DGROUP   M=bkCtrl   ACBP=A9
 0002:0000D1F8 00006824 C=BSS      S=.bss     G=DGROUP   M=C_Runner ACBP=A9


  Address         Publics by Name

 0002:000040CC       .
 0002:000088FC       .
 0002:0000D1FC       .
 0001:0005D9AC       .
 0002:00000BC8       .
 0002:000088F8       .1
 0002:00008894       .1
 0002:00008878       .1
 0002:0000D1F8       .1
 0002:000088EC       .1
 0002:000090A4       .2
 0002:0000D1F4       .2
 0002:00008B04       .2
 0002:00008428       .3
 0002:000088E8       .7
 0001:000018B4       @AbstractError
 0001:0000208C       @AfterConstruction
 0001:00004555       @Append
 0001:00001ED8       @AsClass
 0001:000042C6       @Assign
 0001:000019F8       @AStrCmp
 0001:00002094       @BeforeDestruction
 0001:00001F24       @CallDynaInst
 0001:00002034       @ClassCreate
 0001:00002084       @ClassDestroy
 0001:00004368       @Close
 0001:000017AC       @Copy
 0001:00003390       @CopyArray
 0001:00003274       @CopyRecord
 0001:00003498       @Dispose
 0001:00002450       @DoneExcept
 0001:00003BE0       @DynArrayAsg
 0001:00003BA4       @DynArrayClear
 0001:000039E4       @DynArrayHigh
 0001:000039DC       @DynArrayLength
 0001:00003B98       @DynArraySetLength
 0001:000043A4       @EofText
 0001:00001A68       @FillChar
 0001:00003268       @Finalize
 0001:00003188       @FinalizeArray
 0001:0000315C       @FinalizeRecord
 0001:00001F3C       @FindDynaInst
 0001:00004341       @Flush
 0001:000016C4       @FreeMem
 0001:000016AC       @GetMem
 0001:00004E08       @GetTls
 0001:000028D0       @Halt
 0001:000027B8       @Halt0
 0001:000021A0       @HandleAnyException
 0001:000023A8       @HandleFinally
 0001:00002270       @HandleOnException
 0001:00004E98       @InitExe
 0001:00003150       @Initialize
 0001:000030BC       @InitializeArray
 0001:00003090       @InitializeRecord
 0001:00002714       @InitImports
 0001:000026F8       @InitResStringImports
 0001:0000403C       @IntfAddRef
 0001:00004008       @IntfClear
 0001:00004020       @IntfCopy
 0001:00001EC0       @IsClass
 0001:00002D18       @LStrAddRef
 0001:0000290C       @LStrArrayClr
 0001:0000293C       @LStrAsg
 0001:00002B6C       @LStrCat
 0001:00002BB0       @LStrCat3
 0001:00002C24       @LStrCatN
 0001:000028E8       @LStrClr
 0001:00002C74       @LStrCmp
 0001:00002D68       @LStrCopy
 0001:00002DA8       @LStrDelete
 0001:00002B14       @LStrFromArray
 0001:00002A8C       @LStrFromChar
 0001:00002A9C       @LStrFromPChar
 0001:000029CC       @LStrFromPCharLen
 0001:00002ACC       @LStrFromPWChar
 0001:000029FC       @LStrFromPWCharLen
 0001:00002B08       @LStrFromString
 0001:00002B2C       @LStrFromWStr
 0001:00002DF0       @LStrInsert
 0001:00002980       @LStrLAsg
 0001:00002B64       @LStrLen
 0001:00002E4C       @LStrPos
 0001:00002E94       @LStrSetLength
 0001:00002D28       @LStrToPChar
 0001:00002B40       @LStrToString
 0001:00003484       @New
 0001:000029A8       @NewAnsiString
 0001:00003034       @NewWideString
 0001:00001848       @Pos
 0001:000046D4       @Pow10
 0001:000018D0       @PStrCat
 0001:00001974       @PStrCmp
 0001:00001928       @PStrCpy
 0001:000018F8       @PStrNCat
 0001:00001944       @PStrNCpy
 0001:000023FC       @RaiseAgain
 0001:000023E0       @RaiseExcept
 0001:000043D8       @ReadChar
 0001:00004457       @ReadCString
 0001:000044E4       @ReadLn
 0001:0000444C       @ReadString
 0001:000016DC       @ReallocMem
 0001:00004547       @ResetText
 0001:0000454E       @RewritText
 0001:000018A8       @ROUND
 0001:000028DC       @RunError
 0001:000026C8       @StartExe
 0001:00002480       @TryFinallyExit
 0001:00001A88       @ValLong
 0001:000039B8       @VarAddRef
 0001:0000380C       @VarCast
 0001:000035EC       @VarClear
 0001:000039B0       @VarClr
 0001:00003630       @VarCopy
 0001:0000393C       @VarFromLStr
 0001:0000397C       @VarFromWStr
 0001:00003900       @VarToLStr
 0001:0000463B       @Write0Char
 0001:000046A4       @Write0CString
 0001:00004600       @Write0String
 0001:0000468D       @WriteChar
 0001:000046A8       @WriteCString
 0001:00004627       @WriteLn
 0001:0000460A       @WriteString
 0001:00002F28       @WStrArrayClr
 0001:00002F4C       @WStrAsg
 0001:00002F10       @WStrClr
 0001:00003018       @WStrFromLStr
 0001:00002F70       @WStrFromPCharLen
 0001:00002FF4       @WStrFromPWCharLen
 0001:00003028       @WStrLen
 0001:0000304C       @WStrSetLength
 0001:00001B6C       @_CLenToPasStr
 0001:00001B54       @_CToPasStr
 0001:0000431C       @_Flush
 0001:0000177C       @_IOTest
 0001:000049EE       @_lldiv
 0001:00004A66       @_lldivo
 0001:00004AE1       @_llmod
 0001:00004B5B       @_llmodo
 0001:000049A8       @_llmul
 0001:000049CB       @_llmulo
 0001:00004BDB       @_llshl
 0001:00004A98       @_lludiv
 0001:00004B8D       @_llumod
 0001:00004C13       @_llushr
 0002:00008018       AbstractErrorProc
 0001:00005344       ActivateKeyboardLayout
 0002:00008758       ActiveDrag
 0001:00009FE4       ActiveX
 0001:00032270       ActnList
 0001:000068B8       AddExitProc
 0001:00003E54       AddModuleUnloadProc
 0001:0005B980       Addr_BeforeN
 0001:0005B99C       Addr_Here
 0001:000633C4       Add_Size_FL
 0001:0005D008       add_watch
 0001:00006B1C       AdjustLineBreaks
 0001:0000534C       AdjustWindowRectEx
 0001:0003AD20       AllocateHWnd
 0001:00066C20       allocate_local
 0001:0000686C       AllocMem
 0002:00008420       AllocMemCount
 0002:00008424       AllocMemSize
 0001:0001AD58       AllocPatternBitmap
 0002:00008D28       all_args
 0002:00008D08       all_const
 0002:00008D38       all_excblk
 0002:00008D10       all_fixval
 0002:00008D18       all_func
 0002:00008CF8       all_glob
 0002:00008D00       all_local
 0002:00008D20       all_proc
 0002:00008CF0       all_prog
 0002:00008D40       all_smblk
 0002:00008D30       all_undn
 0001:0005BAB0       AnalyzeCaller
 0002:00000668       AnchorAlign
 0001:00006A08       AnsiCompareStr
 0001:00006A40       AnsiCompareText
 0001:00006ED0       AnsiLastChar
 0001:00005354       AnsiLower
 0001:000069D4       AnsiLowerCase
 0001:00008A00       AnsiLowerCaseFileName
 0001:000089C8       AnsiPos
 0001:00006A78       AnsiStrLIComp
 0001:00008A8C       AnsiStrPos
 0001:00008B2C       AnsiStrRScan
 0001:00008B54       AnsiStrScan
 0001:000069A0       AnsiUpperCase
 0001:00063418       AppendLineNoToArray
 0001:000634E0       Append_SB_LineNoToArray
 0002:000087AC       Application
 0002:000009B4       AppVisible
 0002:00008874       App_ProcMsg
 0002:00009068       arg_index
 0002:00008014       AssertErrorProc
 0002:00000BC4       BaseAddress
 0002:00008D48       bData
 0001:0000C360       BeginGlobalLoading
 0001:0000535C       BeginPaint
 0002:0000D1F0       bInit
 0002:00002394       bInit_Busy
 0002:00002390       bIsToken
 0001:000050F4       BitBlt
 0002:0000056C       BitmapCanvasList
 0001:00065CB0       bkCtrl
 0002:000090A8       BkgCtrl
 0002:00008D60       blob_id
 0002:0000029C       BooleanIdents
 0001:0000BD30       Bounds
 0002:000088E4       bPtrCheck
 0002:00008684       BrushManager
 0002:00002398       bTokenRdIn
 0002:0000D1F1       bUserStop
 0002:00000B90       ButtonCount
 0002:00000A3C       ButtonNames
 0001:0004F3E4       Buttons
 0001:00008914       ByteType
 0002:000002A8       C10000
 0001:00005364       CallNextHookEx
 0001:00009084       CallTerminateProcs
 0001:0000536C       CallWindowProc
 0001:000259D4       CancelDrag
 0002:00008768       CanvasList
 0002:00008688       CanvasList
 0002:000023B4       caption_1
 0002:000029C0       caption_1a
 0002:00001C2C       caption_2
 0002:00002134       caption_3
 0002:00000BF0       caption_3
 0002:00001204       caption_4
 0002:00001718       caption_5
 0002:00000720       CaptureControl
 0002:0000871A       CF_COMPONENT
 0002:00008718       CF_PICTURE
 0002:000083E8       ChangeAnyProc
 0001:00024138       ChangeBiDiModeAlignment
 0001:00005374       CharLowerBuff
 0001:00013FE0       CharsetToIdent
 0001:0000537C       CharUpperBuff
 0001:00005384       CheckMenuItem
 0002:00008620       ClassAliasList
 0001:00012788       Classes
 0002:0000861C       ClassList
 0001:0005BC3C       ClearAllMemory
 0002:000083E4       ClearAnyProc
 0001:0000538C       ClientToScreen
 0001:000220F0       Clipboard
 0002:00000564       ClipboardFormats
 0001:0002214C       Clipbrd
 0001:00005394       CloseClipboard
 0001:00004F1C       CloseHandle
 0001:0005DAF2       close_blob
 0002:0000802C       CmdLine
 0002:00008028       CmdShow
 0002:00009078       cnt_const
 0002:0000908C       cnt_excblk
 0002:0000907C       cnt_fixval
 0002:00009080       cnt_func
 0002:00009070       cnt_glob
 0002:00009074       cnt_local
 0002:00009084       cnt_proc
 0002:0000906C       cnt_prog
 0002:00009090       cnt_smblk
 0002:00009088       cnt_undn
 0002:00000334       Colors
 0001:00013DD8       ColorToIdent
 0001:00013DC8       ColorToRGB
 0002:00008694       ComCtl32DLL
 0001:0004C3AC       ComCtrls
 0002:000087A4       CommandPool
 0001:0001B0F0       Commctrl
 0001:0005D000       CommDef
 0001:000442F4       CommDlg
 0001:0000692C       CompareMem
 0001:00004F24       CompareString
 0001:0000694C       CompareText
 0001:0004781C       ComStrs
 0001:0000A3C4       Consts
 0002:00008736       ControlAtom
 0001:0003141C       Controls
 0001:000050FC       CopyEnhMetaFile
 0001:00018B64       CopyPalette
 0001:0005DB75       copy_temp_str
 0002:000088CC       cptr
 0001:00005104       CreateBitmap
 0001:0000510C       CreateBrushIndirect
 0001:00005114       CreateCompatibleBitmap
 0001:0000511C       CreateCompatibleDC
 0001:0000512C       CreateDIBitmap
 0001:00005124       CreateDIBSection
 0001:00004F2C       CreateEvent
 0001:00004F34       CreateFile
 0001:00005134       CreateFontIndirect
 0001:0000513C       CreateHalftonePalette
 0001:0000539C       CreateIcon
 0001:000053A4       CreateMenu
 0001:00005144       CreatePalette
 0001:0000514C       CreatePenIndirect
 0001:000053AC       CreatePopupMenu
 0001:00005154       CreateRectRgn
 0001:0000515C       CreateSolidBrush
 0001:00004F3C       CreateThread
 0001:00005934       CreateWindow
 0001:000053B4       CreateWindowEx
 0002:000009D0       CreationControl
 0002:00000664       CreationControl
 0001:00065CB8       cSay
 0001:00065CCC       cSayN
 0002:00000884       Ctl3DBtnWndProc
 0002:0000088C       Ctl3DCtlColorEx
 0002:00000888       Ctl3DDlgFramePaint
 0002:000087B8       Ctl3DHandle
 0002:000084F8       CurrencyDecimals
 0002:000084F4       CurrencyFormat
 0002:000084F0       CurrencyString
 0002:00000670       Cursors
 0001:000243E4       CursorToIdent
 0002:00008D68       cur_fn
 0001:00065CFC       cvtShort
 0002:000090A0       c_Cut
 0001:0006E514       C_Runner
 0001:0005E060       C_wrap
 0002:000084F9       DateSeparator
 0001:0005D0F4       dbp
 0002:00000330       DDBsOnly
 0001:0003ADDC       DeallocateHWnd
 0002:00000008       DebugHook
 0002:000084F7       DecimalSeparator
 0002:00000000       Default8087CW
 0002:00000BA8       DefaultBlank
 0002:00000304       DefFontData
 0001:000053BC       DefFrameProc
 0001:000053C4       DefMDIChildProc
 0001:000053CC       DefWindowProc
 0001:00004F44       DeleteCriticalSection
 0001:00005164       DeleteDC
 0001:0000516C       DeleteEnhMetaFile
 0001:000053D4       DeleteMenu
 0001:00005174       DeleteObject
 0001:000636A4       DeleteWatch
 0001:000053DC       DestroyCursor
 0001:000053E4       DestroyIcon
 0001:000053EC       DestroyMenu
 0001:000053F4       DestroyWindow
 0001:00047720       Dialogs
 0001:0003A6F0       DisableTaskWindows
 0001:000053FC       DispatchMessage
 0001:0005ECF4       Divide_Str
 0001:00046218       Dlgs
 0002:00008760       DockSiteList
 0001:0003AB88       DoneCtl3D
 0002:000002A4       DotSep
 0001:0005BDB0       do_sort_by_ofs
 0002:00008744       DragCapture
 0002:00008738       DragControl
 0002:00008740       DragFreeObject
 0002:0000875C       DragImageList
 0002:0000873C       DragObject
 0002:00008750       DragSaveCursor
 0002:00008754       DragThreshold
 0001:00005404       DrawEdge
 0001:0000540C       DrawFocusRect
 0001:00005414       DrawFrameControl
 0001:0000541C       DrawIcon
 0001:00005424       DrawMenuBar
 0001:0000542C       DrawText
 0001:0000819C       EHeapException.FreeInstance
 0001:00005434       EmptyClipboard
 0002:00008410       EmptyParam
 0002:000000B4       EmptyStr
 0001:0000543C       EnableMenuItem
 0001:00005444       EnableScrollBar
 0001:0003A7A4       EnableTaskWindows
 0001:0000544C       EnableWindow
 0001:0000C3F8       EndGlobalLoading
 0001:00005454       EndPaint
 0001:00004F4C       EnterCriticalSection
 0002:000088D0       entp
 0001:00004F54       EnumCalendarInfoA
 0001:0000545C       EnumClipboardFormats
 0002:000086B8       EnumDisplayMonitors
 0001:0000517C       EnumFontFamiliesEx
 0001:00005184       EnumFonts
 0001:00005464       EnumThreadWindows
 0001:0000546C       EnumWindows
 0001:00005474       EqualRect
 0002:000085BC       EraNames
 0002:000085D8       EraYearOffsets
 0002:0000803C       ErrorAddr
 0002:000001B8       ErrorMap
 0002:00008004       ErrorProc
 0002:00009098       err_id
 0002:00002334       Err_Msg
 0002:00002360       Err_Title
 0001:00007EB8       ExceptAddr
 0002:00008008       ExceptClsProc
 0001:000080E0       Exception.Create
 0001:0000811C       Exception.CreateFmt
 0002:00008010       ExceptionClass
 0001:00007EDC       ExceptionErrorMessage
 0002:000001F0       ExceptMap
 0001:00007EA0       ExceptObject
 0002:0000800C       ExceptObjProc
 0002:00008000       ExceptProc
 0001:0000518C       ExcludeClipRect
 0002:00008034       ExitCode
 0002:00008038       ExitProc
 0001:00005194       ExtCreatePen
 0001:000461E0       ExtCtrls
 0001:00006F88       ExtractFileExt
 0001:00006F50       ExtractFileName
 0001:0000519C       ExtTextOut
 0002:00008720       FClipboard
 0002:0000887C       fcmp
 0001:0005BDF0       fcmpi
 0001:0005B4A0       fcmppi
 0001:00006E58       FileAge
 0001:00006E50       FileClose
 0001:00006DC8       FileCreate
 0001:00006EC0       FileExists
 0002:00000568       FileFormats
 0002:00008046       FileMode
 0001:00006D88       FileOpen
 0001:00006DEC       FileRead
 0001:00006E44       FileSeek
 0001:00004F5C       FileTimeToDosDateTime
 0001:00004F64       FileTimeToLocalFileTime
 0001:00006E18       FileWrite
 0001:0000547C       FillRect
 0001:00005A60       Finalization
 0001:00005A98       Finalization
 0001:00005D60       Finalization
 0001:0005E840       Finalization
 0001:0005E030       Finalization
 0001:00062C68       Finalization
 0001:0005CFD0       Finalization
 0001:0005CF38       Finalization
 0001:00009DE0       Finalization
 0001:00009FB4       Finalization
 0001:0000A394       Finalization
 0001:0000A8B8       Finalization
 0001:0005B8D0       Finalization
 0001:0005B468       Finalization
 0001:0005ABA4       Finalization
 0001:00051D54       Finalization
 0001:0004F3AC       Finalization
 0001:0004C348       Finalization
 0001:000477EC       Finalization
 0001:00047774       Finalization
 0001:0004773C       Finalization
 0001:000476C4       Finalization
 0001:000461E8       Finalization
 0001:000461B0       Finalization
 0001:000442C4       Finalization
 0001:00044240       Finalization
 0001:00038254       Finalization
 0001:00033DF0       Finalization
 0001:00032240       Finalization
 0001:00004ECC       Finalization
 0001:000313C8       Finalization
 0001:00004C30       Finalization
 0001:000222C8       Finalization
 0001:00022110       Finalization
 0001:00065C80       Finalization
 0001:00021AF8       Finalization
 0001:0001BC74       Finalization
 0001:0001B934       Finalization
 0001:0001B8FC       Finalization
 0001:0001B8C4       Finalization
 0001:0001B87C       Finalization
 0001:0001B83C       Finalization
 0001:0001B0C0       Finalization
 0001:0001AD90       Finalization
 0001:0006E4E4       Finalization
 0001:0006E51C       Finalization
 0001:000126DC       Finalization
 0001:0000BE8C       FindClass
 0001:00003C30       FindClassHInstance
 0001:00004F6C       FindClose
 0001:00024204       FindControl
 0001:000636EC       FindCurrentFunc
 0001:00025A20       FindDragTarget
 0001:00004F74       FindFirstFile
 0001:000637E4       FindFirstStopLineNo
 0001:00063820       FindFunc
 0002:00008614       FindGlobalComponent
 0001:00003C08       FindHInstance
 0001:0005B4EC       FindLoc
 0002:00008804       FindMsg
 0001:00004F7C       FindResource
 0001:00003C38       FindResourceHInstance
 0001:000259EC       FindVCLWindow
 0001:00005484       FindWindow
 0001:0005B9B0       find_func
 0001:0005EE54       Find_Program
 0001:0001BCA4       FlatSB
 0002:000086E0       FlatSB_EnableScrollBar
 0002:000086EC       FlatSB_GetScrollInfo
 0002:000086F0       FlatSB_GetScrollPos
 0002:000086E8       FlatSB_GetScrollRange
 0002:000086F8       FlatSB_SetScrollInfo
 0002:000086F4       FlatSB_SetScrollPos
 0001:0001B978       FlatSB_SetScrollProp
 0002:000086FC       FlatSB_SetScrollRange
 0002:000086E4       FlatSB_ShowScrollBar
 0001:00009AEE       FloatToDecimal
 0001:00009552       FloatToText
 0001:0000981B       FloatToTextFmt
 0001:00007810       FmtStr
 0002:00000898       FocusCount
 0002:00000894       FocusMessages
 0002:0000D1F2       fOnDebug
 0002:00000484       FontCharsets
 0002:0000867C       FontManager
 0001:0003A8BC       ForegroundTask
 0001:000077FC       Format
 0001:0000739C       FormatBuf
 0002:00000118       FormatErrorStrs
 0001:00004F84       FormatMessage
 0001:00044294       Forms
 0001:000046D4       FPower10
 0002:000005B8       FPrinter
 0001:00045134       Frame3D
 0001:0000548C       FrameRect
 0001:00004F8C       FreeLibrary
 0001:0001804C       FreeMemoryContexts
 0001:0003ACFC       FreeObjectInstance
 0001:00004F94       FreeResource
 0002:00008B00       FuncMgr
 0001:0005E870       FuncMngr
 0002:00008B0C       GCT
 0001:00005494       GetActiveWindow
 0001:000051A4       GetBitmapBits
 0001:000051AC       GetBrushOrgEx
 0001:000638F8       GetByOfs
 0001:0000549C       GetCapture
 0001:0002448C       GetCaptureControl
 0001:0000BDDC       GetClass
 0001:000054A4       GetClassInfo
 0001:000054AC       GetClientRect
 0001:000054B4       GetClipboardData
 0001:000051B4       GetClipBox
 0001:00004F9C       GetCPInfo
 0001:000051BC       GetCurrentPositionEx
 0001:00004FA4       GetCurrentProcessId
 0001:00004FAC       GetCurrentThreadId
 0001:000058A8       GetCurrentTime
 0001:000054BC       GetCursor
 0001:000054C4       GetCursorPos
 0001:000054CC       GetDC
 0001:000054D4       GetDCEx
 0001:000051C4       GetDCOrgEx
 0001:0001A99C       GetDefFontCharSet
 0001:000054DC       GetDesktopWindow
 0001:000051DC       GetDeviceCaps
 0001:000166A0       GetDIB
 0001:000051CC       GetDIBColorTable
 0001:000051D4       GetDIBits
 0001:000165E8       GetDIBSizes
 0001:00004FB4       GetDiskFreeSpaceA
 0002:000000F0       GetDiskFreeSpaceEx
 0001:000054E4       GetDlgItem
 0001:000054EC       GetDoubleClickTime
 0001:000051E4       GetEnhMetaFileBits
 0001:000051EC       GetEnhMetaFileHeader
 0001:000051F4       GetEnhMetaFilePaletteEntries
 0001:0000A404       GetEnumValue
 0001:00063778       GetFirstStopLineNo
 0001:000054F4       GetFocus
 0001:000054FC       GetForegroundWindow
 0001:00008C4C       GetFormatSettings
 0001:0005EF68       getFuncName
 0001:00005504       GetIconInfo
 0001:0000551C       GetKeyboardLayout
 0001:00005524       GetKeyboardLayoutList
 0001:0000552C       GetKeyboardState
 0001:0000550C       GetKeyNameText
 0001:00005514       GetKeyState
 0001:00005534       GetLastActivePopup
 0001:00004FBC       GetLastError
 0001:00064428       GetLineNoArray
 0001:000079EC       GetLocaleChar
 0001:00004FC4       GetLocaleInfo
 0001:000079A0       GetLocaleStr
 0001:00024448       GetLongHint
 0001:0000553C       GetMenu
 0001:00005544       GetMenuItemCount
 0001:0000554C       GetMenuItemID
 0001:00005554       GetMenuItemInfo
 0001:0000555C       GetMenuState
 0001:00005564       GetMenuString
 0001:0000556C       GetMessageTime
 0001:00004FCC       GetModuleFileName
 0001:00004FD4       GetModuleHandle
 0002:000086B4       GetMonitorInfo
 0002:000086AC       GetMonitorInfoA
 0002:000086B0       GetMonitorInfoW
 0001:00063958       GetNextStopLineNo
 0001:00005574       GetNextWindow
 0001:000051FC       GetObject
 0001:000442B4       GetOpenFileName
 0001:0000A510       GetOrdProp
 0001:00005204       GetPaletteEntries
 0001:0000557C       GetParent
 0001:0003AF80       GetParentForm
 0001:0000520C       GetPixel
 0001:00004FDC       GetProcAddress
 0001:00005584       GetProp
 0001:0000A450       GetPropInfo
 0001:0000A4BC       GetPropInfos
 0001:000442BC       GetSaveFileName
 0001:0000558C       GetScrollInfo
 0001:00005594       GetScrollPos
 0001:0000559C       GetScrollRange
 0001:00024404       GetShortHint
 0001:00005214       GetStockObject
 0001:000055A4       GetSubMenu
 0001:000055AC       GetSysColor
 0001:00004FE4       GetSystemInfo
 0001:000055B4       GetSystemMenu
 0001:000055BC       GetSystemMetrics
 0002:0000869C       GetSystemMetrics
 0001:0000521C       GetSystemPaletteEntries
 0001:00005224       GetTextExtentPoint
 0001:0000522C       GetTextMetrics
 0001:00004FEC       GetThreadLocale
 0001:00004FF4       GetTickCount
 0001:000055C4       GetTopWindow
 0001:0000A3F8       GetTypeData
 0001:00004FFC       GetVersion
 0001:00005004       GetVersionEx
 0001:000055CC       GetWindow
 0001:000055D4       GetWindowDC
 0001:000055DC       GetWindowLong
 0001:0000523C       GetWindowOrgEx
 0001:000055E4       GetWindowPlacement
 0001:000055EC       GetWindowRect
 0001:000055F4       GetWindowRgn
 0001:000055FC       GetWindowText
 0001:00005604       GetWindowThreadProcessId
 0001:00005234       GetWinMetaFileBits
 0001:0005BE40       GetWordBy
 0001:0005DD5E       get_blob_data
 0001:0006B14E       get_errMsg
 0001:0005DD0C       get_info_array
 0001:00065D14       get_val_str
 0001:0000500C       GlobalAddAtom
 0001:00005014       GlobalAlloc
 0001:000058BC       GlobalAllocPtr
 0001:0000501C       GlobalDeleteAtom
 0002:00008628       GlobalFixupList
 0001:0000F330       GlobalFixupReferences
 0001:00005024       GlobalFree
 0001:000058E8       GlobalFreePtr
 0001:00005034       GlobalHandle
 0001:0000502C       GlobalLock
 0002:00008610       GlobalNameSpace
 0001:0000503C       GlobalReAlloc
 0001:000058CC       GlobalReAllocPtr
 0001:00005044       GlobalUnlock
 0002:00000B8C       GlyphCache
 0001:0001AE64       Graphics
 0001:0005ABD4       Grids
 0002:00008858       hDebug
 0002:00000004       HeapAllocFlags
 0002:00008430       heapErrorCode
 0002:00008800       HelpMsg
 0002:000000EC       HexDisplayPrefix
 0001:000058A0       HiByte
 0002:00008898       HiLimit
 0002:000084D8       HInstance
 0002:000087E4       HintDoneEvent
 0002:000087E8       HintHook
 0002:000087EC       HintThread
 0002:000087E0       HintThreadID
 0002:00000890       HintWindowClass
 0002:00008808       HookCtl3D
 0002:000090C4       hThr
 0002:000090C8       hWait
 0001:00005968       HwndMSWheel
 0001:0005B498       iDebug
 0001:00013FF0       IdentToCharset
 0001:00013DE8       IdentToColor
 0001:000243F4       IdentToCursor
 0001:0000C254       IdentToInt
 0001:0001B014       ImageList_Add
 0001:0001B034       ImageList_AddIcon
 0001:0001B060       ImageList_BeginDrag
 0001:0001AFFC       ImageList_Create
 0001:0001B004       ImageList_Destroy
 0001:0001B070       ImageList_DragEnter
 0001:0001B078       ImageList_DragLeave
 0001:0001B080       ImageList_DragMove
 0001:0001B090       ImageList_DragShowNolock
 0001:0001B040       ImageList_Draw
 0001:0001B050       ImageList_DrawEx
 0001:0001B068       ImageList_EndDrag
 0001:0001B02C       ImageList_GetBkColor
 0001:0001B098       ImageList_GetDragImage
 0001:0001B0A8       ImageList_GetIconSize
 0001:0001B00C       ImageList_GetImageCount
 0001:0001B0B8       ImageList_GetImageInfo
 0001:0001B0A0       ImageList_Read
 0001:0001B058       ImageList_Remove
 0001:0001B048       ImageList_Replace
 0001:0001B01C       ImageList_ReplaceIcon
 0001:0001B024       ImageList_SetBkColor
 0001:0001B088       ImageList_SetDragCursorImage
 0001:0001B0B0       ImageList_SetIconSize
 0002:0000886C       image_buf
 0001:00033E20       ImgList
 0001:0001B8AC       Imm
 0002:00000780       IMM32DLL
 0001:00031230       Imm32IsIME
 0001:0000560C       InflateRect
 0001:000493DC       InitCommonControl
 0001:0001AF60       InitCommonControls
 0001:0001AFC8       InitCommonControlsEx
 0001:0003A960       InitCtl3D
 0001:0000504C       InitializeCriticalSection
 0002:0000842C       initialized
 0001:0001B9AC       InitializeFlatSB
 0001:0000C520       InitInheritedComponent
 0002:00008030       InitProc
 0001:0002414C       InitWndProc
 0001:0006B514       init_All_Before_Run
 0001:0005ABE8       init_Debug
 0002:0000238C       iNowFlag
 0002:0000804C       Input
 0001:00005614       InsertMenu
 0001:0000561C       InsertMenuItem
 0002:00008624       IntConstList
 0001:00063A04       IntDump
 0001:00005244       IntersectClipRect
 0001:00005624       IntersectRect
 0001:00006C7C       IntToHex
 0001:00006CB8       IntToHex
 0001:0000C294       IntToIdent
 0001:00006C4C       IntToStr
 0001:0000562C       InvalidateRect
 0002:00008600       InvalidPointer
 0002:000088F0       in_addr
 0002:000088F4       in_ptr
 0001:000017F0       IOResult
 0001:0003AEE0       IsAccel
 0001:00005634       IsCharAlpha
 0001:0000563C       IsCharAlphaNumeric
 0001:00005644       IsChild
 0002:00008044       IsConsole
 0001:00008984       IsDelimiter
 0001:0000564C       IsDialogMessage
 0001:00009FAC       IsEqualIID
 0001:00005654       IsIconic
 0002:00008024       IsLibrary
 0002:00008045       IsMultiThread
 0001:00008950       IsPathDelimiter
 0001:0000565C       IsRectEmpty
 0001:00006BE8       IsValidIdent
 0001:00005664       IsWindow
 0001:0000566C       IsWindowEnabled
 0001:00005674       IsWindowVisible
 0001:0000567C       IsZoomed
 0001:0003AE94       KeyboardStateToShiftState
 0001:0003AE58       KeyDataToShiftState
 0001:0003AE04       KeysToShiftState
 0001:00005684       KillTimer
 0001:00006F00       LastDelimiter
 0002:00008CEC       lastHitFunc
 0002:0000909C       last_width_4
 0002:000000CC       LeadBytes
 0001:00005054       LeaveCriticalSection
 0002:0000000C       LibModuleList
 0001:0000524C       LineTo
 0002:00008D64       line_no
 0002:000090CC       line_to_stop
 0002:000088D4       linp
 0002:000085F4       ListSeparator
 0001:0000568C       LoadBitmap
 0001:00005694       LoadCursor
 0001:0000569C       LoadIcon
 0001:0000505C       LoadLibrary
 0001:00005064       LoadResource
 0001:00003C5C       LoadResourceModule
 0001:00003FB0       LoadResString
 0001:000056A4       LoadString
 0001:0006B5A1       load_prog_info
 0001:0000506C       LockResource
 0002:00008864       logFlag
 0001:0005BF90       LogModuleName
 0002:0000889C       LoLimit
 0002:00008500       LongDateFormat
 0002:00008594       LongDayNames
 0002:00008548       LongMonthNames
 0002:00008514       LongTimeFormat
 0001:000068F0       LowerCase
 0002:000090C0       lpThrID
 0001:000050EC       lstrcpy
 0002:0000801C       MainInstance
 0002:00008020       MainThreadID
 0001:00005894       MakeLong
 0001:0003AC64       MakeObjectInstance
 0001:000058FC       MakeROP4
 0001:00063B18       MakeRunThread
 0001:000056AC       MapVirtualKey
 0001:000056B4       MapWindowPoints
 0001:0005CFC8       MapWork
 0001:00051D84       Mask
 0001:00005254       MaskBlt
 0002:00000BAC       MaskFieldSeparator
 0001:0004FAC4       MaskGetMaskBlank
 0001:0004FA44       MaskGetMaskSave
 0002:00000BB0       MaskNoSave
 0001:0005F0CC       match_local_vars
 0001:0001B8F4       Math
 0001:0001B8BC       Max
 0002:000090EC       MaxFL_Count
 0002:00008884       MaxN
 0002:00008880       maxStk
 0002:000007AC       MenuKeyCaps
 0001:000382B0       Menus
 0001:000056BC       MessageBeep
 0001:000056C4       MessageBox
 0001:00005AC8       Messages
 0002:000090F0       miaFiles
 0001:0001B8B4       Min
 0002:000086CC       MMAvailable
 0002:000084CD       ModuleIsCpp
 0002:000084CC       ModuleIsLib
 0002:000088D8       modules
 0002:00000010       ModuleUnloadList
 0002:000086A8       MonitorFromPoint
 0002:000086A4       MonitorFromRect
 0002:000086A0       MonitorFromWindow
 0002:00008728       Mouse
 0001:00001808       Move
 0001:0000525C       MoveToEx
 0001:00025AAC       MoveWindowOrg
 0002:000090D4       ms1X
 0002:000090D8       ms1Y
 0002:000090DC       ms2X
 0002:000090E0       ms2Y
 0001:0006641C       Msg
 0001:0005F160       Msg1
 0001:000664A4       MsgLastAdd
 0002:00008D5C       msg_part
 0001:0005ACB0       msg_proc
 0001:00005074       MulDiv
 0001:0001B86C       MultiMon
 0002:000090E4       myHandle
 0002:000090D0       nAllFL
 0002:000088A0       nCPtr
 0002:000088A4       nCurMod
 0002:000084F5       NegCurrFormat
 0002:0000872C       NewStyleControls
 0002:000088A8       nFunc
 0002:000088AC       nLine
 0002:000040C0       nMiaFiles
 0002:000088B0       nModSegs
 0001:0000C3C0       NotifyGlobalLoading
 0002:000040C8       nowExecLine
 0002:000090B0       nowInFunc
 0002:000090B4       nowInPFno
 0002:0000885C       nowSay
 0002:0000D0F0       nowSrc
 0002:00008D2C       now_args
 0002:00008D0C       now_const
 0002:00008D3C       now_excblk
 0002:00008D14       now_fixval
 0002:00008D1C       now_func
 0002:00008CFC       now_glob
 0002:00008D04       now_local
 0002:00008D24       now_proc
 0002:00008CF4       now_prog
 0002:00008D44       now_smblk
 0002:00008D34       now_undn
 0002:000088B4       nSegs
 0002:000040C4       nSrcFiles
 0002:00008400       Null
 0002:00008860       nWait
 0002:000090E8       nWatch
 0001:000056CC       OemToAnsi
 0001:000056D4       OffsetRect
 0001:00003534       OleStrToStrVar
 0001:000056DC       OpenClipboard
 0001:0005DE27       open_blob_file
 0002:000085FC       OutOfMemory
 0002:00008218       Output
 0001:0005ACE0       padSpace
 0001:000139C4       PaletteChanged
 0002:000090B8       pAllFL
 0002:000090BC       pAllWatch
 0001:0005C090       ParseMapFile
 0001:0005F1E8       parse_argument
 0001:0005F56C       Parse_content
 0001:00060520       Parse_token
 0001:0005AD28       PasteDebug
 0001:00005264       PatBlt
 0002:0000868C       PatternManager
 0002:00000BC0       pData
 0001:000056E4       PeekMessage
 0002:00008680       PenManager
 0002:000088C8       pInfA
 0002:000088C4       pInfo
 0001:00060574       PlaceStr
 0001:0000526C       PlayEnhMetaFile
 0002:000088BC       pModules
 0002:000088C0       pMTail
 0001:0000BCFC       Point
 0001:0000591C       PointToSmallPoint
 0001:0000527C       Polyline
 0001:00005274       PolyPolyline
 0002:000087A8       PopupList
 0001:000056EC       PostMessage
 0001:000056F4       PostQuitMessage
 0002:00008870       pOutput
 0002:000090AC       pProg
 0001:00063B88       prepare_prog
 0001:0001B970       Printers
 0002:000088B8       ProgEntry
 0001:000056FC       PtInRect
 0002:00008D4C       pTokBuf
 0002:00008D50       pTokNow
 0001:0000507C       PulseEvent
 0001:0005B66C       QSortBy
 0002:00008764       QualifyingSites
 0001:0005B900       Q_SORT
 0001:00008FC0       RaiseLastWin32Error
 0001:0000172C       RaiseList
 0002:00008040       RandSeed
 0001:00005084       ReadFile
 0001:000605FC       ReadTokenIn
 0001:00005284       RealizePalette
 0001:0000BD14       Rect
 0001:00005294       Rectangle
 0001:0000528C       RectVisible
 0001:00005704       RedrawWindow
 0002:000083EC       RefAnyProc
 0001:00004F04       RegCloseKey
 0001:0000570C       RegisterClass
 0001:0000BF78       RegisterClass
 0001:0000C09C       RegisterClasses
 0001:00005714       RegisterClipboardFormat
 0001:0000C228       RegisterIntegerConsts
 0001:00003F30       RegisterModule
 0001:0000571C       RegisterWindowMessage
 0001:00004F0C       RegOpenKeyEx
 0001:00004F14       RegQueryValueEx
 0001:00005724       ReleaseCapture
 0001:0000572C       ReleaseDC
 0002:00008484       remBytes
 0001:00063BB4       RemoveDuplicate
 0001:0000F520       RemoveFixupReferences
 0001:0000F5CC       RemoveFixups
 0001:00005734       RemoveMenu
 0001:00003E74       RemoveModuleUnloadProc
 0001:0000573C       RemoveProp
 0001:0006085C       remove_remark
 0001:0000508C       ResetEvent
 0001:0000529C       RestoreDC
 0001:0004776C       RichEdit
 0002:00008888       Rounds
 0002:00000A94       RTFConversionFormat
 0001:0006E6C4       RunRobot
 0001:0006CB66       Run_Program
 0001:0006CBCF       Run_was_done
 0001:000052A4       SaveDC
 0001:0006099C       Save_GCT_data
 0002:000087B0       Screen
 0002:00008638       ScreenLogPixels
 0001:00005744       ScreenToClient
 0001:0000574C       ScrollWindow
 0001:00005754       ScrollWindowEx
 0002:000088DC       segm
 0002:000088E0       segs
 0001:000052AC       SelectObject
 0001:000052B4       SelectPalette
 0001:00024220       SendAppMessage
 0001:0000575C       SendMessage
 0001:00001898       Set8087CW
 0001:00005764       SetActiveWindow
 0001:0003ABE8       SetAutoSubClass
 0001:000052BC       SetBkColor
 0001:000052C4       SetBkMode
 0001:000052CC       SetBrushOrgEx
 0001:0000576C       SetCapture
 0001:000244B4       SetCaptureControl
 0001:00005774       SetClipboardData
 0001:0000577C       SetCursor
 0001:000052D4       SetDIBColorTable
 0001:00005094       SetEndOfFile
 0001:000052DC       SetEnhMetaFileBits
 0001:0000509C       SetErrorMode
 0001:000050A4       SetEvent
 0001:000050AC       SetFilePointer
 0001:000610CC       SetFlag
 0001:0000A794       SetFloatProp
 0001:00005784       SetFocus
 0001:0000578C       SetForegroundWindow
 0001:00031154       SetImeMode
 0001:0000179C       SetInOutRes
 0001:00005794       SetKeyboardState
 0001:000052E4       SetMapMode
 0001:0000579C       SetMenu
 0001:000057A4       SetMenuItemInfo
 0001:0000A880       SetMethodProp
 0001:0000A584       SetOrdProp
 0001:000052EC       SetPixel
 0001:000057AC       SetProp
 0001:000057B4       SetRect
 0001:000052F4       SetROP2
 0001:000057BC       SetScrollInfo
 0001:000057C4       SetScrollPos
 0001:000057CC       SetScrollRange
 0001:0005B658       SetSortFCMP
 0001:000052FC       SetStretchBltMode
 0001:0000A768       SetStrProp
 0001:00005304       SetTextColor
 0001:000050B4       SetThreadLocale
 0001:000057D4       SetTimer
 0001:0000A840       SetVariantProp
 0001:0000530C       SetViewportExtEx
 0001:00005314       SetViewportOrgEx
 0001:00005324       SetWindowExtEx
 0001:000057DC       SetWindowLong
 0001:0000532C       SetWindowOrgEx
 0001:000057E4       SetWindowPlacement
 0001:000057EC       SetWindowPos
 0001:00005804       SetWindowRgn
 0001:000057FC       SetWindowsHookEx
 0001:000057F4       SetWindowText
 0001:0000531C       SetWinMetaFileBits
 0001:000610E0       set_blob_filename
 0001:0006CD55       set_break_line
 0001:00061678       set_src_filename
 0001:0006CE07       set_step_trace_flag
 0001:0005DFFB       set_temp_str
 0002:0000881C       ShellModule
 0001:00034918       ShortCut
 0001:000349B8       ShortCutToText
 0002:000084FC       ShortDateFormat
 0002:00008578       ShortDayNames
 0002:00008518       ShortMonthNames
 0002:00008510       ShortTimeFormat
 0001:0000580C       ShowCursor
 0001:00008068       ShowException
 0001:00005814       ShowOwnedPopups
 0001:0000581C       ShowScrollBar
 0001:00005824       ShowWindow
 0001:0005D2D8       show_err
 0001:000050BC       SizeofResource
 0001:000050C4       Sleep
 0001:0000BD04       SmallPoint
 0001:00005908       SmallPointToPoint
 0002:00008868       sOneLine
 0002:00000BBC       sOneLineCmd
 0001:0005B78C       Sorting
 0002:00008D58       sPoolTail
 0002:0000B0F0       srcFiles
 0002:00008E68       src_fn
 0002:00008D54       sStrPool
 0001:0006656C       status_updater
 0001:000222F8       StdActns
 0001:00021B28       StdCtrls
 0002:00008640       StockBrush
 0002:00008644       StockFont
 0002:00008648       StockIcon
 0002:0000863C       StockPen
 0001:000072C8       StrAlloc
 0001:000072DC       StrBufSize
 0001:00008938       StrByteType
 0001:00007178       StrCat
 0001:00007194       StrComp
 0001:000070AC       StrCopy
 0001:00007314       StrDispose
 0001:000070D4       StrECopy
 0001:0000705C       StrEnd
 0001:00005334       StretchBlt
 0001:00007794       StrFmt
 0001:000071B8       StrIComp
 0001:00003558       StringToOleStr
 0001:00007100       StrLCopy
 0001:00007044       StrLen
 0001:000077C8       StrLFmt
 0001:000071F8       StrLIComp
 0001:00007070       StrMove
 0001:000072E8       StrNew
 0001:000072B4       StrPas
 0001:00007134       StrPCopy
 0001:00007158       StrPLCopy
 0001:00007260       StrPos
 0001:00007240       StrScan
 0001:000078D8       StrToFloat
 0001:00006CF8       StrToInt
 0001:00006D70       StrToIntDef
 0001:0003ABB4       Subclass3DDlg
 0001:00005D90       SysConst
 0001:00007954       SysErrorMessage
 0001:00001274       SysFreeMem
 0001:000010EC       SysGetMem
 0001:00004EFC       SysInit
 0002:000085B0       SysLocale
 0001:000015E8       SysReallocMem
 0001:00004C98       System
 0002:00008630       SystemPalette16
 0001:0000582C       SystemParametersInfo
 0001:00009F2C       SysUtils
 0002:00008F68       s_Cut
 0001:00031D10       TActionLink.IsCaptionLinked
 0001:00031D24       TActionLink.IsCheckedLinked
 0001:00031D38       TActionLink.IsEnabledLinked
 0001:00031D4C       TActionLink.IsHelpContextLinked
 0001:00031D60       TActionLink.IsHintLinked
 0001:00031D74       TActionLink.IsImageIndexLinked
 0001:00031D88       TActionLink.IsShortCutLinked
 0001:00031D9C       TActionLink.IsVisibleLinked
 0001:00031DB0       TActionLink.SetCaption
 0001:00031DB4       TActionLink.SetChecked
 0001:00031DB8       TActionLink.SetEnabled
 0001:00031DBC       TActionLink.SetHelpContext
 0001:00031DC0       TActionLink.SetHint
 0001:00031DC4       TActionLink.SetImageIndex
 0001:00031DC8       TActionLink.SetShortCut
 0001:00031DCC       TActionLink.SetVisible
 0001:00043DB8       TApplication.ActivateHint
 0001:00042C5C       TApplication.BringToFront
 0001:00043BD8       TApplication.CancelHint
 0001:000423EC       TApplication.CheckIniChange
 0001:000421EC       TApplication.ControlDestroyed
 0001:00041DE8       TApplication.Create
 0001:000430A4       TApplication.CreateForm
 0001:0004205C       TApplication.CreateHandle
 0001:00041F7C       TApplication.Destroy
 0001:00044150       TApplication.DispatchAction
 0001:0004362C       TApplication.DoActionIdle
 0001:00043690       TApplication.DoMouseIdle
 0001:000422B8       TApplication.DoNormalizeTopMosts
 0001:000441E0       TApplication.ExecuteAction
 0001:00042B70       TApplication.GetIconHandle
 0001:00042C98       TApplication.GetTitle
 0001:000431EC       TApplication.HandleException
 0001:00042F90       TApplication.HandleMessage
 0001:000435E4       TApplication.HelpCommand
 0001:000435D8       TApplication.HelpContext
 0001:00043B9C       TApplication.HideHint
 0001:00043A5C       TApplication.HintMouseMessage
 0001:00043B68       TApplication.HintTimerExpired
 0001:00042FB4       TApplication.HookMainWindow
 0001:0004386C       TApplication.IconChanged
 0001:00043714       TApplication.Idle
 0001:0004308C       TApplication.Initialize
 0001:000434AC       TApplication.InvokeHelp
 0001:00042CE0       TApplication.IsDlgMsg
 0001:00042E44       TApplication.IsHintMsg
 0001:00042D04       TApplication.IsIdleMessage
 0001:00042DB0       TApplication.IsKeyMsg
 0001:00042D60       TApplication.IsMDIMsg
 0001:00042E74       TApplication.IsShortCut
 0001:0004327C       TApplication.MessageBox
 0001:00042B8C       TApplication.Minimize
 0001:00042358       TApplication.NormalizeAllTopMosts
 0001:00042350       TApplication.NormalizeTopMosts
 0001:00043830       TApplication.NotifyForms
 0001:00042EE0       TApplication.ProcessMessage
 0001:00042F78       TApplication.ProcessMessages
 0001:00042BD4       TApplication.Restore
 0001:00042360       TApplication.RestoreTopMosts
 0001:00043124       TApplication.Run
 0001:000438BC       TApplication.SetHint
 0001:000435EC       TApplication.SetShowHint
 0001:000433D4       TApplication.ShowException
 0001:00043A04       TApplication.StartHintTimer
 0001:00043A3C       TApplication.StopHintTimer
 0001:000431D8       TApplication.Terminate
 0001:00043010       TApplication.UnhookMainWindow
 0001:00044208       TApplication.UpdateAction
 0001:000439AC       TApplication.UpdateVisible
 0001:000423D4       TApplication.UseRightToLeftAlignment
 0001:000423BC       TApplication.UseRightToLeftReading
 0001:000424C4       TApplication.WndProc
 0002:0000089C       TaskActiveWindow
 0002:000008A4       TaskFirstTopMost
 0002:000008A0       TaskFirstWindow
 0001:00024894       TBaseDragControlObject.Assign
 0001:00024870       TBaseDragControlObject.Create
 0001:000248C0       TBaseDragControlObject.EndDrag
 0001:000248E4       TBaseDragControlObject.Finished
 0001:00012210       TBasicAction.Change
 0001:000120E8       TBasicAction.Create
 0001:0001212C       TBasicAction.Destroy
 0001:00012184       TBasicAction.Execute
 0001:0001217C       TBasicAction.ExecuteTarget
 0001:00012178       TBasicAction.HandlesTarget
 0001:00012224       TBasicAction.RegisterChanges
 0001:000121BC       TBasicAction.SetOnExecute
 0001:00012230       TBasicAction.UnRegisterChanges
 0001:000121A0       TBasicAction.Update
 0001:00012180       TBasicAction.UpdateTarget
 0001:00012044       TBasicActionLink.AssignClient
 0001:0001207C       TBasicActionLink.Change
 0001:00012000       TBasicActionLink.Create
 0001:00012048       TBasicActionLink.Destroy
 0001:00012094       TBasicActionLink.Execute
 0001:000120D0       TBasicActionLink.IsOnExecuteLinked
 0001:000120A4       TBasicActionLink.SetAction
 0001:000120D4       TBasicActionLink.SetOnExecute
 0001:000120DC       TBasicActionLink.Update
 0001:0004F29C       TBitBtn.ActionChange
 0001:0004EBD8       TBitBtn.Click
 0001:0004EF00       TBitBtn.CMEnabledChanged
 0001:0004EEEC       TBitBtn.CMFontChanged
 0001:0004EC54       TBitBtn.CNDrawItem
 0001:0004EC44       TBitBtn.CNMeasureItem
 0001:0004EAA4       TBitBtn.Create
 0001:0004EB88       TBitBtn.CreateHandle
 0001:0004EBB4       TBitBtn.CreateParams
 0001:0004EB4C       TBitBtn.Destroy
 0001:0004EC60       TBitBtn.DrawItem
 0001:0004EF5C       TBitBtn.GetGlyph
 0001:0004F124       TBitBtn.GetKind
 0001:0004F1A4       TBitBtn.GetNumGlyphs
 0001:0004EF28       TBitBtn.GetPalette
 0001:0004EF68       TBitBtn.GlyphChanged
 0001:0004EF70       TBitBtn.IsCustom
 0001:0004F0A8       TBitBtn.IsCustomCaption
 0001:0004EBC4       TBitBtn.SetButtonStyle
 0001:0004EF3C       TBitBtn.SetGlyph
 0001:0004EF98       TBitBtn.SetKind
 0001:0004F190       TBitBtn.SetLayout
 0001:0004F1F0       TBitBtn.SetMargin
 0001:0004F1B0       TBitBtn.SetNumGlyphs
 0001:0004F1DC       TBitBtn.SetSpacing
 0001:0004EF84       TBitBtn.SetStyle
 0001:0004EF14       TBitBtn.WMLButtonDblClk
 0001:00018E78       TBitmap.Assign
 0001:0001902C       TBitmap.Changed
 0001:00019024       TBitmap.Changing
 0001:00018F68       TBitmap.CopyImage
 0001:00018DD4       TBitmap.Create
 0001:00018E3C       TBitmap.Destroy
 0001:00019440       TBitmap.DIBNeeded
 0001:00019038       TBitmap.Dormant
 0001:00019054       TBitmap.Draw
 0001:000194B4       TBitmap.FreeContext
 0001:000192A4       TBitmap.FreeImage
 0001:0001930C       TBitmap.GetCanvas
 0001:000192F4       TBitmap.GetEmpty
 0001:0001934C       TBitmap.GetHandle
 0001:00019370       TBitmap.GetHandleType
 0001:0001939C       TBitmap.GetHeight
 0001:000193AC       TBitmap.GetMaskHandle
 0001:000193C0       TBitmap.GetMonochrome
 0001:000193DC       TBitmap.GetPalette
 0001:000193F0       TBitmap.GetTransparentColor
 0001:00019438       TBitmap.GetWidth
 0001:000194C4       TBitmap.HandleNeeded
 0001:000195EC       TBitmap.LoadFromClipboardFormat
 0001:000196D0       TBitmap.LoadFromResourceName
 0001:000196AC       TBitmap.LoadFromStream
 0001:000194D4       TBitmap.MaskHandleNeeded
 0001:00019730       TBitmap.NewImage
 0001:00019534       TBitmap.PaletteNeeded
 0001:0001981C       TBitmap.ReadData
 0001:00019844       TBitmap.ReadDIB
 0001:00019C84       TBitmap.ReadStream
 0001:0001A368       TBitmap.SaveToClipboardFormat
 0001:0001A360       TBitmap.SaveToStream
 0001:00019CF0       TBitmap.SetHandle
 0001:00019DB0       TBitmap.SetHandleType
 0001:00019EE4       TBitmap.SetHeight
 0001:00019F38       TBitmap.SetMonochrome
 0001:00019FB8       TBitmap.SetPalette
 0001:0001A08C       TBitmap.SetTransparentColor
 0001:0001A0DC       TBitmap.SetWidth
 0001:0001A130       TBitmap.WriteData
 0001:0001A138       TBitmap.WriteStream
 0001:0001838C       TBitmapImage.Destroy
 0001:000183E0       TBitmapImage.FreeHandle
 0001:0000CC0C       TBits.Destroy
 0001:0000CC3C       TBits.Error
 0001:0000CD6C       TBits.GetBit
 0001:0000CD84       TBits.OpenBit
 0001:0000CD40       TBits.SetBit
 0001:0000CC9C       TBits.SetSize
 0001:00063C4C       TBkgCtrl.AddThisWatch
 0001:00064058       TBkgCtrl.adj_RowCounts
 0001:000640F4       TBkgCtrl.AnsMsg
 0001:00064178       TBkgCtrl.at_activate
 0001:000643DC       TBkgCtrl.ChangeMainFormSize
 0001:000645CC       TBkgCtrl.collect_lino_info
 0001:00064928       TBkgCtrl.doMs1Up
 0001:0006495C       TBkgCtrl.doMs2Up
 0001:00064990       TBkgCtrl.doMs4Up
 0001:00065C64       TBkgCtrl.do_Exit
 0001:00064AF4       TBkgCtrl.do_moved_splt1
 0001:00064CF4       TBkgCtrl.do_moved_splt4
 0001:00064D2C       TBkgCtrl.do_moved_splt5
 0001:00064B48       TBkgCtrl.do_ms1_dbclk
 0001:00064BA0       TBkgCtrl.do_ms2_dbclk
 0001:00064BFC       TBkgCtrl.do_resize_splt2
 0001:00064CB4       TBkgCtrl.do_resize_splt3
 0001:00065918       TBkgCtrl.do_run
 0001:00065ACC       TBkgCtrl.do_StepOver
 0001:00065C0C       TBkgCtrl.do_Stop
 0001:0006598C       TBkgCtrl.do_trace
 0001:00064D70       TBkgCtrl.load_token_file
 0001:0006529C       TBkgCtrl.Msg
 0001:00065320       TBkgCtrl.Show_Infos
 0001:00065878       TBkgCtrl.StatSay
 0001:0001492C       TBrush.Assign
 0001:000148C4       TBrush.Create
 0001:00014904       TBrush.Destroy
 0001:00014A68       TBrush.GetColor
 0001:000149D4       TBrush.GetData
 0001:00014AA4       TBrush.GetHandle
 0001:00014B84       TBrush.GetStyle
 0001:00014A44       TBrush.SetBitmap
 0001:00014A70       TBrush.SetColor
 0001:000149F4       TBrush.SetData
 0001:00014B8C       TBrush.SetStyle
 0001:0002189C       TButton.Click
 0001:00021A1C       TButton.CMDialogChar
 0001:000219B4       TButton.CMDialogKey
 0001:00021A9C       TButton.CMFocusChanged
 0001:000219A0       TButton.CNCommand
 0001:00021838       TButton.Create
 0001:0002194C       TButton.CreateParams
 0001:00021988       TButton.CreateWnd
 0001:000218C4       TButton.SetButtonStyle
 0001:00021918       TButton.SetDefault
 0001:000218C0       TButton.UseRightToLeftAlignment
 0001:00021AF0       TButton.WMEraseBkgnd
 0001:0002166C       TButtonActionLink.AssignClient
 0001:00021690       TButtonActionLink.IsCheckedLinked
 0001:000216C8       TButtonActionLink.SetChecked
 0001:00021768       TButtonControl.ActionChange
 0001:0002172C       TButtonControl.Create
 0001:000217B0       TButtonControl.GetActionLinkClass
 0001:000217B8       TButtonControl.GetChecked
 0001:000217BC       TButtonControl.SetChecked
 0001:000217C0       TButtonControl.WndProc
 0001:0001560C       TCanvas.BrushChanged
 0001:000154E0       TCanvas.Changed
 0001:000154CC       TCanvas.Changing
 0001:00014CE0       TCanvas.CopyRect
 0001:00014BC0       TCanvas.Create
 0001:00015550       TCanvas.CreateBrush
 0001:000154F4       TCanvas.CreateFont
 0001:000153AC       TCanvas.CreateHandle
 0001:00015520       TCanvas.CreatePen
 0001:00015350       TCanvas.DeselectHandles
 0001:00014C84       TCanvas.Destroy
 0001:00014D68       TCanvas.Draw
 0001:00014E14       TCanvas.DrawFocusRect
 0001:00014E48       TCanvas.FillRect
 0001:000155CC       TCanvas.FontChanged
 0001:00014FCC       TCanvas.GetCanvasOrientation
 0001:0001530C       TCanvas.GetClipRect
 0001:00015330       TCanvas.GetHandle
 0001:00015254       TCanvas.GetPenPos
 0001:00015298       TCanvas.GetPixel
 0001:00014E84       TCanvas.LineTo
 0001:00014EBC       TCanvas.Lock
 0001:00014EE4       TCanvas.MoveTo
 0001:000155EC       TCanvas.PenChanged
 0001:00014F10       TCanvas.Polyline
 0001:00014F48       TCanvas.Rectangle
 0001:00015458       TCanvas.RequiredState
 0001:00015248       TCanvas.SetBrush
 0001:0001522C       TCanvas.SetFont
 0001:000153B0       TCanvas.SetHandle
 0001:0001523C       TCanvas.SetPen
 0001:00015278       TCanvas.SetPenPos
 0001:000152C4       TCanvas.SetPixel
 0001:00014F90       TCanvas.StretchDraw
 0001:00015128       TCanvas.TextExtent
 0001:00015188       TCanvas.TextHeight
 0001:00014FF8       TCanvas.TextOut
 0001:00015084       TCanvas.TextRect
 0001:0001516C       TCanvas.TextWidth
 0001:000151A8       TCanvas.TryLock
 0001:00015204       TCanvas.Unlock
 0001:00033DD8       TChangeLink.Change
 0001:00033DA4       TChangeLink.Destroy
 0001:00021BFC       TClipboard.Adding
 0001:000220A4       TClipboard.Assign
 0001:00022020       TClipboard.AssignGraphic
 0001:00021F9C       TClipboard.AssignPicture
 0001:00021F34       TClipboard.AssignTo
 0001:00021E68       TClipboard.AssignToBitmap
 0001:00021ED0       TClipboard.AssignToMetafile
 0001:00021D7C       TClipboard.AssignToPicture
 0001:00021BB8       TClipboard.Clear
 0001:00021C18       TClipboard.Close
 0001:00021CFC       TClipboard.GetAsText
 0001:00021C44       TClipboard.Open
 0001:00021CDC       TClipboard.WndProc
 0001:0000D254       TCollection.Add
 0001:0000D260       TCollection.Assign
 0001:0000D2F8       TCollection.BeginUpdate
 0001:0000D2FC       TCollection.Changed
 0001:0000D30C       TCollection.Clear
 0001:0000D1D0       TCollection.Create
 0001:0000D210       TCollection.Destroy
 0001:0000D374       TCollection.EndUpdate
 0001:0000D384       TCollection.GetAttr
 0001:0000D380       TCollection.GetAttrCount
 0001:0000D3B0       TCollection.GetCount
 0001:0000D3B8       TCollection.GetItem
 0001:0000D390       TCollection.GetItemAttr
 0001:0000D3CC       TCollection.GetNamePath
 0001:0000D494       TCollection.GetPropName
 0001:0000D6AC       TCollection.InsertItem
 0001:0000D744       TCollection.RemoveItem
 0001:0000D770       TCollection.SetItemName
 0001:0000D774       TCollection.Update
 0001:0000D054       TCollectionItem.Changed
 0001:0000CFEC       TCollectionItem.Create
 0001:0000D024       TCollectionItem.Destroy
 0001:0000D090       TCollectionItem.GetDisplayName
 0001:0000D078       TCollectionItem.GetIndex
 0001:0000D0B8       TCollectionItem.GetNamePath
 0001:0000D16C       TCollectionItem.GetOwner
 0001:0000D170       TCollectionItem.SetCollection
 0001:0000D198       TCollectionItem.SetDisplayName
 0001:0000D1A0       TCollectionItem.SetIndex
 0001:0004699C       TCommonDialog.Create
 0001:00046A40       TCommonDialog.DefaultHandler
 0001:000469E4       TCommonDialog.Destroy
 0001:00046BDC       TCommonDialog.DoClose
 0001:00046BF0       TCommonDialog.DoShow
 0001:00046A78       TCommonDialog.MainWndProc
 0001:00046A18       TCommonDialog.MessageHook
 0001:00046B14       TCommonDialog.TaskModalDialog
 0001:00046ACC       TCommonDialog.WMDestroy
 0001:00046AE8       TCommonDialog.WMInitDialog
 0001:00046B00       TCommonDialog.WMNCDestroy
 0001:00046AC4       TCommonDialog.WndProc
 0001:00011DE4       TComponent.ChangeName
 0001:000117F8       TComponent.Create
 0001:00011B0C       TComponent.DefineProperties
 0001:00011844       TComponent.Destroy
 0001:00011A3C       TComponent.DestroyComponents
 0001:00011A68       TComponent.Destroying
 0001:00011F50       TComponent.ExecuteAction
 0001:00011CC8       TComponent.FindComponent
 0001:000118C8       TComponent.FreeNotification
 0001:00011B9C       TComponent.GetChildOwner
 0001:00011BA0       TComponent.GetChildParent
 0001:00011B94       TComponent.GetChildren
 0001:00011DF8       TComponent.GetComponent
 0001:00011E64       TComponent.GetComponentCount
 0001:00011BA4       TComponent.GetNamePath
 0001:00011BB8       TComponent.GetOwner
 0001:00011BC0       TComponent.GetParentComponent
 0001:00011B90       TComponent.HasParent
 0001:00011954       TComponent.Insert
 0001:000119A8       TComponent.InsertComponent
 0001:00011BE0       TComponent.Loaded
 0001:00011AA0       TComponent.Notification
 0001:00011FC0       TComponent.QueryInterface
 0001:00011914       TComponent.ReadLeft
 0001:00011BEC       TComponent.ReadState
 0001:00011928       TComponent.ReadTop
 0001:00011980       TComponent.Remove
 0001:000119FC       TComponent.RemoveComponent
 0001:00011FA0       TComponent.SafeCallException
 0001:00011BBC       TComponent.SetChildOrder
 0001:00011E74       TComponent.SetComponentIndex
 0001:00011EC8       TComponent.SetDesigning
 0001:00011D18       TComponent.SetName
 0001:00011BC4       TComponent.SetParentComponent
 0001:00011F08       TComponent.SetReference
 0001:00011F78       TComponent.UpdateAction
 0001:00011BD4       TComponent.Updated
 0001:00011FB8       TComponent.UpdateRegistry
 0001:00011BC8       TComponent.Updating
 0001:00011CB0       TComponent.ValidateContainer
 0001:00011CC4       TComponent.ValidateInsert
 0001:00011BFC       TComponent.ValidateRename
 0001:0001193C       TComponent.WriteLeft
 0001:00011BF4       TComponent.WriteState
 0001:00011948       TComponent.WriteTop
 0001:000317DC       TContainedAction.Destroy
 0001:00031948       TContainedAction.Execute
 0001:00031810       TContainedAction.GetIndex
 0001:0003182C       TContainedAction.GetParentComponent
 0001:0003183C       TContainedAction.HasParent
 0001:00031828       TContainedAction.IsCategoryStored
 0001:0003184C       TContainedAction.ReadState
 0001:000318F4       TContainedAction.SetActionList
 0001:000318C8       TContainedAction.SetCategory
 0001:00031880       TContainedAction.SetIndex
 0001:0003191C       TContainedAction.SetParentComponent
 0001:000319A0       TContainedAction.Update
 0001:00028B5C       TControl.ActionChange
 0001:00028EF4       TControl.AdjustSize
 0001:00028D2C       TControl.AssignTo
 0001:00027588       TControl.BeginAutoDrag
 0001:000275A0       TControl.BeginDrag
 0001:00027170       TControl.BringToFront
 0001:00027F88       TControl.CalcDockSizes
 0001:00027D80       TControl.CanAutoSize
 0001:00027D84       TControl.CanResize
 0001:00026B40       TControl.Changed
 0001:00026B50       TControl.ChangeScale
 0001:00028444       TControl.CheckMenuPopup
 0001:000284B8       TControl.CheckNewSize
 0001:00028278       TControl.Click
 0001:00026A50       TControl.ClientToScreen
 0001:00028918       TControl.CMBiDiModeChanged
 0001:000288C0       TControl.CMColorChanged
 0001:000289E0       TControl.CMDesignHitTest
 0001:000288B0       TControl.CMEnabledChanged
 0001:00028AFC       TControl.CMFloat
 0001:000288B8       TControl.CMFontChanged
 0001:00028F80       TControl.CMHintShow
 0001:000289A8       TControl.CMHitTest
 0001:000289B0       TControl.CMMouseEnter
 0001:000289C8       TControl.CMMouseLeave
 0001:000288F8       TControl.CMParentBiDiModeChanged
 0001:000288C8       TControl.CMParentColorChanged
 0001:00028958       TControl.CMParentFontChanged
 0001:00028930       TControl.CMParentShowHintChanged
 0001:00028988       TControl.CMSysFontChanged
 0001:00028888       TControl.CMVisibleChanged
 0001:00027E50       TControl.ConstrainedResize
 0001:000261C0       TControl.Create
 0001:000289E8       TControl.CreateFloatingDockSite
 0001:000282E8       TControl.DblClick
 0001:000278A0       TControl.DefaultDockImage
 0001:00028150       TControl.DefaultHandler
 0001:00028228       TControl.DefineProperties
 0001:00026290       TControl.Destroy
 0001:00028C30       TControl.DoActionChange
 0001:00027DB4       TControl.DoCanAutoSize
 0001:00027E20       TControl.DoCanResize
 0001:0002677C       TControl.Dock
 0001:00027834       TControl.DockTrackNoTarget
 0001:00027E80       TControl.DoConstrainedResize
 0001:00027D74       TControl.DoConstraintsChange
 0001:00026888       TControl.DoDock
 0001:000279F0       TControl.DoDragMsg
 0001:00027854       TControl.DoEndDock
 0001:00027738       TControl.DoEndDrag
 0001:00028340       TControl.DoMouseDown
 0001:00028698       TControl.DoMouseUp
 0001:00027880       TControl.DoStartDock
 0001:00027718       TControl.DoStartDrag
 0001:000276A0       TControl.DragCanceled
 0001:000276EC       TControl.DragDrop
 0001:000276A4       TControl.Dragging
 0001:000276B0       TControl.DragOver
 0001:000279D0       TControl.DrawDragDockImage
 0001:00028F14       TControl.DrawTextBiDiModeFlags
 0001:00028F54       TControl.DrawTextBiDiModeFlagsReadingOnly
 0001:000279E0       TControl.EraseDragDockImage
 0001:00026FDC       TControl.FontChanged
 0001:000263F8       TControl.GetAction
 0001:00028C54       TControl.GetActionLinkClass
 0001:000268E0       TControl.GetBoundsRect
 0001:00026980       TControl.GetClientHeight
 0001:000269C0       TControl.GetClientOrigin
 0001:00026924       TControl.GetClientRect
 0001:0002693C       TControl.GetClientWidth
 0001:00027538       TControl.GetControlsAlignment
 0001:00027224       TControl.GetDeviceContext
 0001:00028E10       TControl.GetDockEdge
 0001:00026340       TControl.GetDragImages
 0001:00026344       TControl.GetEnabled
 0001:00028EC0       TControl.GetFloating
 0001:00028EEC       TControl.GetFloatingDockSiteClass
 0001:00026ED0       TControl.GetLRDockWidth
 0001:00027138       TControl.GetMouseCapture
 0001:00026348       TControl.GetPalette
 0001:00026354       TControl.GetParentComponent
 0001:00028440       TControl.GetPopupMenu
 0001:00026EBC       TControl.GetTBDockHeight
 0001:00026F2C       TControl.GetText
 0001:00026E88       TControl.GetTextBuf
 0001:00026E78       TControl.GetTextLen
 0001:00026E94       TControl.GetUndockHeight
 0001:00026EA8       TControl.GetUndockWidth
 0001:0002634C       TControl.HasParent
 0001:00028F70       TControl.InitiateAction
 0001:000273E4       TControl.Invalidate
 0001:00027358       TControl.InvalidateControl
 0001:00026484       TControl.IsAnchorsStored
 0001:00027048       TControl.IsBiDiModeStored
 0001:00028C5C       TControl.IsCaptionStored
 0001:000270D4       TControl.IsColorStored
 0001:00028C7C       TControl.IsEnabledStored
 0001:00027028       TControl.IsFontStored
 0001:00028C9C       TControl.IsHintStored
 0001:00028CDC       TControl.IsOnClickStored
 0001:0002703C       TControl.IsShowHintStored
 0001:00028CBC       TControl.IsVisibleStored
 0001:00028CFC       TControl.Loaded
 0001:00027AE0       TControl.ManualDock
 0001:00027CD4       TControl.ManualFloat
 0001:00028308       TControl.MouseDown
 0001:000285F4       TControl.MouseMove
 0001:00028660       TControl.MouseUp
 0001:00026564       TControl.Notification
 0001:0002637C       TControl.PaletteChanged
 0001:00027F54       TControl.Perform
 0001:00027764       TControl.PositionDockRect
 0001:000281D8       TControl.ReadIsControl
 0001:000264D0       TControl.ReadState
 0001:00027438       TControl.Refresh
 0001:00027440       TControl.Repaint
 0001:000264A0       TControl.RequestAlign
 0001:000264B0       TControl.Resize
 0001:00026A7C       TControl.ScreenToClient
 0001:00026AA8       TControl.SendCancelMode
 0001:00026AD8       TControl.SendDockNotification
 0001:00026408       TControl.SetAction
 0001:000265A8       TControl.SetAlign
 0001:00026C98       TControl.SetAutoSize
 0001:00026FC0       TControl.SetBiDiMode
 0001:00026640       TControl.SetBounds
 0001:00026900       TControl.SetBoundsRect
 0001:00026998       TControl.SetClientHeight
 0001:00026D50       TControl.SetClientSize
 0001:00026954       TControl.SetClientWidth
 0001:000270B8       TControl.SetColor
 0001:0002711C       TControl.SetCursor
 0001:0002649C       TControl.SetDragMode
 0001:00026E60       TControl.SetEnabled
 0001:00027018       TControl.SetFont
 0001:00026758       TControl.SetHeight
 0001:000266E8       TControl.SetLeft
 0001:00027148       TControl.SetMouseCapture
 0001:00026CB0       TControl.SetName
 0001:00026D98       TControl.SetParent
 0001:000270FC       TControl.SetParentBiDiMode
 0001:000270DC       TControl.SetParentColor
 0001:00026358       TControl.SetParentComponent
 0001:00027050       TControl.SetParentFont
 0001:00027094       TControl.SetParentShowHint
 0001:00026EE4       TControl.SetPopupMenu
 0001:00027070       TControl.SetShowHint
 0001:00026F5C       TControl.SetText
 0001:00026F08       TControl.SetTextBuf
 0001:0002670C       TControl.SetTop
 0001:00026E1C       TControl.SetVisible
 0001:00026734       TControl.SetWidth
 0001:00027200       TControl.SetZOrder
 0001:00027180       TControl.SetZOrderPosition
 0001:000273F4       TControl.Show
 0001:00027424       TControl.Update
 0001:00027FF8       TControl.UpdateBoundsRect
 0001:00028FAC       TControl.UpdateLastResize
 0001:00027554       TControl.UseRightToLeftAlignment
 0001:0002753C       TControl.UseRightToLeftReading
 0001:0002756C       TControl.UseRightToLeftScrollBar
 0001:00028034       TControl.VisibleChanging
 0001:0002879C       TControl.WMCancelMode
 0001:000283EC       TControl.WMLButtonDblClk
 0001:00028384       TControl.WMLButtonDown
 0001:000286D4       TControl.WMLButtonUp
 0001:000285CC       TControl.WMMButtonDblClk
 0001:000285A4       TControl.WMMButtonDown
 0001:0002877C       TControl.WMMButtonUp
 0001:00028624       TControl.WMMouseMove
 0001:000283D0       TControl.WMNCLButtonDown
 0001:0002857C       TControl.WMRButtonDblClk
 0001:00028554       TControl.WMRButtonDown
 0001:0002874C       TControl.WMRButtonUp
 0001:000287DC       TControl.WMWindowPosChanged
 0001:00028038       TControl.WndProc
 0001:000281EC       TControl.WriteIsControl
 0001:00025EDC       TControlActionLink.AssignClient
 0001:00025EF8       TControlActionLink.DoShowHint
 0001:00025FDC       TControlActionLink.IsCaptionLinked
 0001:00026050       TControlActionLink.IsEnabledLinked
 0001:00026084       TControlActionLink.IsHintLinked
 0001:000260E8       TControlActionLink.IsOnExecuteLinked
 0001:000260B8       TControlActionLink.IsVisibleLinked
 0001:00026110       TControlActionLink.SetCaption
 0001:00026130       TControlActionLink.SetEnabled
 0001:00026150       TControlActionLink.SetHint
 0001:00026194       TControlActionLink.SetOnExecute
 0001:00026174       TControlActionLink.SetVisible
 0001:00025C70       TControlCanvas.CreateHandle
 0001:00025C44       TControlCanvas.Destroy
 0001:00025D18       TControlCanvas.FreeHandle
 0001:00025D4C       TControlCanvas.SetControl
 0001:00025D64       TControlCanvas.UpdateTextFlags
 0001:0003B0B8       TControlScrollBar.Assign
 0001:0003B208       TControlScrollBar.CalcAutoRange
 0001:0003B108       TControlScrollBar.ChangeBiDiPosition
 0001:0003B39C       TControlScrollBar.ControlSize
 0001:0003B028       TControlScrollBar.Create
 0001:0003B8E4       TControlScrollBar.DoSetRange
 0001:0003B0B0       TControlScrollBar.IsIncrementStored
 0001:0003B910       TControlScrollBar.IsRangeStored
 0001:0003B2B4       TControlScrollBar.IsScrollBarVisible
 0001:0003B41C       TControlScrollBar.NeedsScrollBarVisible
 0001:0003B494       TControlScrollBar.ScrollMessage
 0001:0003B78C       TControlScrollBar.SetButtonSize
 0001:0003B7A4       TControlScrollBar.SetColor
 0001:0003B7C0       TControlScrollBar.SetParentColor
 0001:0003B7D8       TControlScrollBar.SetPosition
 0001:0003B8FC       TControlScrollBar.SetRange
 0001:0003B89C       TControlScrollBar.SetSize
 0001:0003B8B4       TControlScrollBar.SetStyle
 0001:0003B8CC       TControlScrollBar.SetThumbSize
 0001:0003B91C       TControlScrollBar.SetVisible
 0001:0003BA30       TControlScrollBar.Update
 0001:0004C320       TConversion.ConvertReadStream
 0001:0004C334       TConversion.ConvertWriteStream
 0001:00031E50       TCustomAction.AssignTo
 0001:00031DD0       TCustomAction.Create
 0001:00031E18       TCustomAction.Destroy
 0001:000321FC       TCustomAction.DoHint
 0001:0003221C       TCustomAction.Execute
 0001:00031ECC       TCustomAction.SetCaption
 0001:00031F34       TCustomAction.SetChecked
 0001:00031F8C       TCustomAction.SetEnabled
 0001:00031FE4       TCustomAction.SetHelpContext
 0001:0003203C       TCustomAction.SetHint
 0001:000320A4       TCustomAction.SetImageIndex
 0001:000321B0       TCustomAction.SetName
 0001:000320FC       TCustomAction.SetShortCut
 0001:00032158       TCustomAction.SetVisible
 0001:00031BB0       TCustomActionList.AddAction
 0001:00031BEC       TCustomActionList.Change
 0001:000319F8       TCustomActionList.Create
 0001:00031A60       TCustomActionList.Destroy
 0001:00031CD0       TCustomActionList.ExecuteAction
 0001:00031AB0       TCustomActionList.GetChildren
 0001:00031B5C       TCustomActionList.ImageListChange
 0001:00031C54       TCustomActionList.IsShortCut
 0001:00031B68       TCustomActionList.Notification
 0001:00031BD0       TCustomActionList.RemoveAction
 0001:00031AF8       TCustomActionList.SetChildOrder
 0001:00031B28       TCustomActionList.SetImages
 0001:00031CF0       TCustomActionList.UpdateAction
 0001:000211AC       TCustomComboBox.AdjustDropDown
 0001:000213B4       TCustomComboBox.Change
 0001:00020C00       TCustomComboBox.CMCancelMode
 0001:00020C14       TCustomComboBox.CMCtl3DChanged
 0001:00020C38       TCustomComboBox.CMParentColorChanged
 0001:00021268       TCustomComboBox.CNCommand
 0001:000214D0       TCustomComboBox.CNDrawItem
 0001:00021590       TCustomComboBox.CNMeasureItem
 0001:00020D84       TCustomComboBox.ComboWndProc
 0001:00020690       TCustomComboBox.Create
 0001:00020938       TCustomComboBox.CreateParams
 0001:0002099C       TCustomComboBox.CreateWnd
 0001:0002078C       TCustomComboBox.Destroy
 0001:00020B00       TCustomComboBox.DestroyWnd
 0001:000213D8       TCustomComboBox.DrawItem
 0001:00021490       TCustomComboBox.DropDown
 0001:00020C60       TCustomComboBox.EditWndProc
 0001:00021638       TCustomComboBox.Focused
 0001:00020D7C       TCustomComboBox.GetComboControl
 0001:00020800       TCustomComboBox.GetDroppedDown
 0001:000208F8       TCustomComboBox.GetItemHeight
 0001:00020848       TCustomComboBox.GetItemIndex
 0001:00020D58       TCustomComboBox.ListWndProc
 0001:000214B0       TCustomComboBox.MeasureItem
 0001:00020824       TCustomComboBox.SetDroppedDown
 0001:0002091C       TCustomComboBox.SetItemHeight
 0001:00020928       TCustomComboBox.SetItems
 0001:00020864       TCustomComboBox.SetMaxLength
 0001:000208A4       TCustomComboBox.SetSorted
 0001:000208B8       TCustomComboBox.SetStyle
 0001:00020B4C       TCustomComboBox.WMCreate
 0001:00020BD4       TCustomComboBox.WMDeleteItem
 0001:00020BC4       TCustomComboBox.WMDrawItem
 0001:00020B70       TCustomComboBox.WMEraseBkgnd
 0001:00020BDC       TCustomComboBox.WMGetDlgCode
 0001:000215C0       TCustomComboBox.WMLButtonDown
 0001:00020BCC       TCustomComboBox.WMMeasureItem
 0001:00021060       TCustomComboBox.WndProc
 0001:0002E708       TCustomControl.Create
 0001:0002E764       TCustomControl.Destroy
 0001:0002E860       TCustomControl.Paint
 0001:0002E7B4       TCustomControl.PaintWindow
 0001:0002E794       TCustomControl.WMPaint
 0001:00040C20       TCustomDockForm.CMControlListChange
 0001:00040C78       TCustomDockForm.CMDockNotification
 0001:00040D18       TCustomDockForm.CMUnDockClient
 0001:00040D30       TCustomDockForm.CMVisibleChanged
 0001:000409C4       TCustomDockForm.Create
 0001:00040A2C       TCustomDockForm.DoAddDockClient
 0001:00040AD4       TCustomDockForm.DoRemoveDockClient
 0001:00040B40       TCustomDockForm.GetSiteInfo
 0001:00040AF4       TCustomDockForm.Loaded
 0001:00040B6C       TCustomDockForm.WMNCHitTest
 0001:00040B94       TCustomDockForm.WMNCLButtonDown
 0001:0001FA9C       TCustomEdit.AdjustHeight
 0001:0001FB44       TCustomEdit.Change
 0001:0001F6E8       TCustomEdit.Clear
 0001:0001FBF4       TCustomEdit.CMCtl3DChanged
 0001:0001FC70       TCustomEdit.CMEnter
 0001:0001FC28       TCustomEdit.CMFontChanged
 0001:0001FCAC       TCustomEdit.CMTextChanged
 0001:0001FC50       TCustomEdit.CNCommand
 0001:0001F704       TCustomEdit.CopyToClipboard
 0001:0001F370       TCustomEdit.Create
 0001:0001F874       TCustomEdit.CreateParams
 0001:0001F930       TCustomEdit.CreateWindowHandle
 0001:0001F9A0       TCustomEdit.CreateWnd
 0001:0001FB68       TCustomEdit.DefaultHandler
 0001:0001FA44       TCustomEdit.DestroyWnd
 0001:0001F418       TCustomEdit.DoSetMaxLength
 0001:0001F4DC       TCustomEdit.GetModified
 0001:0001F654       TCustomEdit.GetSelLength
 0001:0001F610       TCustomEdit.GetSelStart
 0001:0001F7D8       TCustomEdit.GetSelText
 0001:0001F73C       TCustomEdit.GetSelTextBuf
 0001:0001F720       TCustomEdit.SelectAll
 0001:0001F438       TCustomEdit.SetAutoSize
 0001:0001F44C       TCustomEdit.SetBorderStyle
 0001:0001F470       TCustomEdit.SetCharCase
[...]
   767 0001:00060E7D   768 0001:00060E8E   769 0001:00060E9F   770 0001:00060EB0
   771 0001:00060EC1   772 0001:00060ED2   773 0001:00060EE3   774 0001:00060EF4
   775 0001:00060F21   776 0001:00060F32   777 0001:00060F43   780 0001:00060F58
   781 0001:00060F61   782 0001:00060F73   783 0001:00060F84   784 0001:00060F95
   785 0001:00060FA4   786 0001:00060FB5   789 0001:00060FCA   790 0001:00060FD6
   791 0001:00060FE8   792 0001:00060FF9   793 0001:0006100A   794 0001:00061019
   795 0001:0006102A   796 0001:0006103B   797 0001:0006104C   800 0001:0006105E
   801 0001:0006106A   802 0001:0006107C   803 0001:0006108A   804 0001:00061097
   805 0001:000610A5   808 0001:000610B2   809 0001:000610C1   810 0001:000610C8
   813 0001:000610CC   814 0001:000610D3   815 0001:000610DB   824 0001:000610E0
   825 0001:00061110   826 0001:00061117   827 0001:00061149   828 0001:0006115D
   830 0001:000611CD   831 0001:00061209   832 0001:00061216   833 0001:00061222
   834 0001:00061228   836 0001:00061237   837 0001:0006123D   838 0001:00061254
   839 0001:00061264   840 0001:0006126D   841 0001:0006128B   842 0001:000612AA
   844 0001:000612B3   845 0001:000612BC   846 0001:000612DB   847 0001:000612FA
   849 0001:00061303   850 0001:00061310   851 0001:0006132F   852 0001:0006134E
   853 0001:0006136D   854 0001:0006138C   856 0001:00061395   857 0001:0006139E
   858 0001:000613BD   859 0001:000613DC   861 0001:000613E2   862 0001:0006142F
   863 0001:00061433   837 0001:00061436   864 0001:0006143F   865 0001:00061451
   867 0001:00061462   868 0001:0006146F   869 0001:00061472   870 0001:00061486
   871 0001:00061495   872 0001:000614A4   874 0001:000614BB   875 0001:000614E6
   876 0001:00061514   877 0001:0006152F   872 0001:00061532   879 0001:00061557
   882 0001:00061678   883 0001:000616A8   884 0001:000616B1   885 0001:000616C2
   887 0001:000616C4   888 0001:000616D4   889 0001:000616F4   890 0001:0006171E
   891 0001:00061724   892 0001:00061735   893 0001:00061762   898 0001:00061768
   899 0001:00061771   900 0001:0006177E   901 0001:00061793   902 0001:000617A9
   903 0001:000617BF   904 0001:000617D5   905 0001:000617EB   906 0001:00061801
   907 0001:00061817   908 0001:0006182D   909 0001:00061843   910 0001:00061859
   911 0001:0006186F   912 0001:00061885   913 0001:0006189B   914 0001:000618B1
   915 0001:000618C7   916 0001:000618DD   917 0001:000618F9   918 0001:00061915
   919 0001:0006191E   926 0001:00061924   927 0001:00061930   928 0001:00061938
   929 0001:0006194D   930 0001:0006196F   932 0001:00061977   933 0001:0006197E
   928 0001:00061981   934 0001:00061986   935 0001:0006198E   936 0001:000619A3
   937 0001:000619C5   939 0001:000619CD   940 0001:000619D4   935 0001:000619D7
   941 0001:000619DC   942 0001:000619E7   947 0001:000619F4   948 0001:00061A00
   949 0001:00061A12   950 0001:00061A1B   953 0001:00061A20   954 0001:00061A29
   955 0001:00061A34   960 0001:00061A38   961 0001:00061A44   962 0001:00061A56
   963 0001:00061A5F   966 0001:00061A64   967 0001:00061A6D   968 0001:00061A78
   973 0001:00061A7C   974 0001:00061A88   975 0001:00061A9A   976 0001:00061AA3
   979 0001:00061AA8   980 0001:00061AB1   981 0001:00061ABC   986 0001:00061AC0
   987 0001:00061ACC   988 0001:00061ADE   989 0001:00061AE7   992 0001:00061AEC
   993 0001:00061AF5   994 0001:00061B00   999 0001:00061B04  1000 0001:00061B10
  1001 0001:00061B24  1002 0001:00061B2D  1005 0001:00061B34  1006 0001:00061B3D
  1007 0001:00061B48  1012 0001:00061B4C  1013 0001:00061B58  1014 0001:00061B6C
  1015 0001:00061B75  1018 0001:00061B7C  1019 0001:00061B85  1020 0001:00061B90
  1025 0001:00061B94  1026 0001:00061BA0  1027 0001:00061BB2  1028 0001:00061BBB
  1031 0001:00061BC0  1032 0001:00061BC9  1033 0001:00061BD4  1038 0001:00061BD8
  1039 0001:00061BFB  1040 0001:00061C08  1041 0001:00061C1D  1042 0001:00061C5A
  1047 0001:00061C60  1048 0001:00061C6C  1049 0001:00061C80  1050 0001:00061C89
  1053 0001:00061C90  1054 0001:00061C99  1055 0001:00061CA4  1060 0001:00061CA8
  1061 0001:00061CB4  1062 0001:00061CC6  1063 0001:00061CCF  1066 0001:00061CD4
  1067 0001:00061CDD  1068 0001:00061CE8  1073 0001:00061CEC  1074 0001:00061D08
  1075 0001:00061D15  1076 0001:00061D1C  1077 0001:00061D2B  1078 0001:00061D3C
  1079 0001:00061D4B  1080 0001:00061D5C  1081 0001:00061D6B  1082 0001:00061D7C
  1083 0001:00061D8B  1084 0001:00061D9C  1085 0001:00061DAB  1086 0001:00061DBC
  1087 0001:00061DCB  1088 0001:00061DDC  1089 0001:00061DEB  1090 0001:00061DFC
  1091 0001:00061E0B  1092 0001:00061E15  1093 0001:00061E24  1094 0001:00061E35
  1095 0001:00061E44  1096 0001:00061E55  1097 0001:00061E64  1098 0001:00061E75
  1099 0001:00061E84  1100 0001:00061E8E  1101 0001:00061E93  1102 0001:00061EAE
  1103 0001:00061EDA  1100 0001:00061EDD  1104 0001:00061EE3  1105 0001:00061EE8
  1106 0001:00061F03  1107 0001:00061F2F  1104 0001:00061F32  1108 0001:00061F38
  1109 0001:00061F47  1110 0001:00061F56  1111 0001:00061F7F  1117 0001:00061F84
  1118 0001:00061FBD  1119 0001:00061FCD  1121 0001:0006200B  1122 0001:0006203E
  1123 0001:00062069  1124 0001:000620A1  1125 0001:000620AA  1127 0001:000620CC
  1128 0001:000620E2  1129 0001:000620ED  1130 0001:000620F6  1131 0001:00062104
  1120 0001:00062106  1134 0001:0006211E  1135 0001:00062159  1140 0001:00062160
  1141 0001:0006216C  1142 0001:0006217A  1144 0001:000621AD  1145 0001:000621BA
  1146 0001:000621CC  1147 0001:000621DA  1148 0001:000621FB  1150 0001:00062203
  1157 0001:00062208  1158 0001:00062231  1159 0001:0006223B  1160 0001:0006224F
  1161 0001:000622AC  1162 0001:000622BF  1163 0001:000622C7  1164 0001:000622CD
  1165 0001:000622DE  1167 0001:000622E0  1168 0001:000622E4  1161 0001:000622E7
  1170 0001:000622EC  1171 0001:00062327  1182 0001:00062354  1183 0001:00062376
  1184 0001:00062381  1185 0001:00062398  1186 0001:000623A6  1187 0001:000623CA
  1189 0001:000623F0  1190 0001:00062432  1191 0001:0006245E  1192 0001:0006249E
  1184 0001:000624A1  1194 0001:000624AA  1195 0001:000624B5  1196 0001:000624CC
  1197 0001:000624DA  1198 0001:00062502  1199 0001:0006252C  1200 0001:0006255D
  1201 0001:000625A3  1202 0001:000625D3  1203 0001:00062617  1195 0001:0006261A
  1205 0001:00062623  1206 0001:0006262E  1207 0001:00062645  1208 0001:00062653
  1209 0001:0006267B  1210 0001:000626A5  1211 0001:000626D6  1212 0001:0006271F
  1213 0001:0006274F  1214 0001:00062793  1206 0001:00062796  1216 0001:0006279F
  1217 0001:000627AA  1218 0001:000627C1  1219 0001:000627CF  1220 0001:000627F6
  1221 0001:00062820  1222 0001:00062850  1223 0001:00062880  1224 0001:000628C4
  1217 0001:000628C7  1226 0001:000628D0  1227 0001:000628D5  1228 0001:000628E0
  1229 0001:000628F7  1230 0001:00062905  1231 0001:0006292C  1232 0001:00062956
  1233 0001:00062986  1234 0001:000629B6  1235 0001:000629FA  1228 0001:000629FD
  1237 0001:00062A06  1238 0001:00062A11  1239 0001:00062A28  1240 0001:00062A36
  1241 0001:00062A44  1242 0001:00062A6B  1243 0001:00062A95  1244 0001:00062AC2
  1245 0001:00062AF2  1246 0001:00062B36  1238 0001:00062B39  1247 0001:00062B64
  1250 0001:00062B74  1251 0001:00062B80  1252 0001:00062BA4  1253 0001:00062BB7
  1256 0001:00062BBC  1257 0001:00062BC8  1258 0001:00062BD7  1259 0001:00062BE8
  1261 0001:00062BFD  1262 0001:00062C10  1265 0001:00062C14  1266 0001:00062C20
  1267 0001:00062C42  1268 0001:00062C64  1270 0001:00062C98  1270 0001:00062C9F

Line numbers for bkCtrl(bkCtrl.pas) segment .text

   193 0001:000633C4   194 0001:000633CA   195 0001:000633D8   196 0001:000633E3
   197 0001:000633F9   198 0001:00063412   205 0001:00063418   206 0001:00063424
   207 0001:0006342C   208 0001:00063445   209 0001:0006344F   210 0001:00063458
   211 0001:00063462   212 0001:0006346B   213 0001:0006347C   214 0001:00063490
   217 0001:000634A4   218 0001:000634B6   219 0001:000634C4   221 0001:000634CD
   207 0001:000634D0   222 0001:000634D9   231 0001:000634E0   232 0001:000634E9
   233 0001:000634FF   234 0001:0006350B   235 0001:0006351F   236 0001:0006352B
   237 0001:00063537   239 0001:00063547   240 0001:0006354F   241 0001:00063568
   242 0001:00063570   245 0001:00063596   246 0001:0006359F   247 0001:000635A9
   248 0001:000635B2   249 0001:000635C3   250 0001:000635D7   253 0001:000635EB
   254 0001:000635FD   255 0001:0006360B   256 0001:00063612   257 0001:0006361A
   259 0001:00063622   260 0001:0006362A   261 0001:0006363E   262 0001:0006364A
   263 0001:00063652   264 0001:00063662   265 0001:00063684   266 0001:00063690
   268 0001:00063692   240 0001:00063695   269 0001:0006369E   274 0001:000636A4
   275 0001:000636AD   276 0001:000636C1   277 0001:000636CB   278 0001:000636E7
   285 0001:000636EC   286 0001:000636F5   287 0001:00063703   288 0001:00063712
   289 0001:00063727   290 0001:0006372F   291 0001:00063751   293 0001:00063765
   294 0001:00063769   288 0001:0006376C   295 0001:00063771   301 0001:00063778
   302 0001:00063781   303 0001:00063790   304 0001:00063798   305 0001:000637AD
   306 0001:000637B7   307 0001:000637C2   309 0001:000637C4   310 0001:000637C8
   304 0001:000637CB   311 0001:000637D0   312 0001:000637DF   317 0001:000637E4
   318 0001:000637ED   319 0001:000637F4   320 0001:000637FA   321 0001:00063805
   322 0001:0006380B   323 0001:00063819   330 0001:00063820   331 0001:00063829
   332 0001:0006382E   333 0001:00063838   334 0001:00063849   335 0001:00063858
   336 0001:0006386B   337 0001:0006387D   338 0001:0006388C   340 0001:00063894
   335 0001:00063897   342 0001:0006389C   343 0001:000638AB   344 0001:000638BE
   345 0001:000638D0   346 0001:000638DF   348 0001:000638E7   343 0001:000638EA
   349 0001:000638F2   354 0001:000638F8   355 0001:00063904   356 0001:0006390F
   357 0001:00063921   358 0001:0006392B   359 0001:00063938   360 0001:00063945
   362 0001:00063953   370 0001:00063958   371 0001:00063961   372 0001:00063972
   373 0001:00063984   374 0001:00063994   375 0001:000639B0   376 0001:000639C5
   377 0001:000639DB   378 0001:000639E5   380 0001:000639EF   381 0001:000639F3
   376 0001:000639F6   382 0001:000639FE   389 0001:00063A04   390 0001:00063A33
   391 0001:00063A40   392 0001:00063A55   393 0001:00063AC4   394 0001:00063ACD
   391 0001:00063AD0   395 0001:00063AD5   396 0001:00063B0E   401 0001:00063B18
   402 0001:00063B24   403 0001:00063B2D   404 0001:00063B34   405 0001:00063B39
   406 0001:00063B3E   408 0001:00063B55   410 0001:00063B74   414 0001:00063B88
   415 0001:00063B8D   417 0001:00063B9E   418 0001:00063BA9   419 0001:00063BB3
   426 0001:00063BB4   427 0001:00063BC0   428 0001:00063BC6   429 0001:00063BD8
   430 0001:00063BE8   432 0001:00063BED   434 0001:00063C00   435 0001:00063C07
   433 0001:00063C0B   437 0001:00063C17   438 0001:00063C1D   440 0001:00063C36
   441 0001:00063C3E   442 0001:00063C47   453 0001:00063C4C   454 0001:00063C73
   455 0001:00063C80   456 0001:00063C96   457 0001:00063CAC   458 0001:00063CB4
   459 0001:00063CC1   460 0001:00063CC9   461 0001:00063CD9   462 0001:00063CE7
   463 0001:00063D00   464 0001:00063D16   465 0001:00063D81   466 0001:00063D91
   467 0001:00063E01   469 0001:00063E0F   470 0001:00063E1C   471 0001:00063E24
   472 0001:00063E34   473 0001:00063E42   474 0001:00063E5B   475 0001:00063E71
   476 0001:00063EDC   477 0001:00063EEC   478 0001:00063F5C   480 0001:00063F6A
   481 0001:00063F95   482 0001:00063FC3   483 0001:00064011   486 0001:00064058
   487 0001:0006405F   488 0001:00064083   489 0001:000640A7   490 0001:000640CB
   491 0001:000640EF   494 0001:000640F4   495 0001:00064127   496 0001:00064172
   501 0001:00064178   502 0001:00064197   503 0001:000641A4   504 0001:000641AB
   505 0001:000641B0   506 0001:000641CB   507 0001:000641F7   508 0001:00064214
   509 0001:0006422F   510 0001:0006425B   511 0001:00064284   512 0001:0006429F
   513 0001:000642CB   514 0001:000642D3   504 0001:000642D6   515 0001:000642E0
   516 0001:000642E5   517 0001:00064300   518 0001:0006432C   515 0001:0006432F
   520 0001:00064335   521 0001:0006433A   522 0001:00064344   523 0001:0006435C
   524 0001:0006436E   525 0001:0006437D   526 0001:00064389   527 0001:000643C6
   530 0001:000643DC   531 0001:000643E8   532 0001:00064405   533 0001:00064422
   540 0001:00064428   541 0001:00064434   542 0001:0006444A   543 0001:00064462
   544 0001:0006447D   545 0001:00064489   546 0001:00064497   547 0001:000644A2
   548 0001:000644AE   550 0001:000644BA   551 0001:000644D4   552 0001:000644DA
   554 0001:000644E6   555 0001:000644F6   556 0001:00064501   557 0001:00064516
   558 0001:0006452F   560 0001:0006453E   561 0001:00064554   562 0001:00064563
   547 0001:0006456A   564 0001:00064576   565 0001:0006457C   566 0001:00064585
   567 0001:00064596   569 0001:000645A7   570 0001:000645B9   571 0001:000645C7
   582 0001:000645CC   583 0001:000645EE   584 0001:000645FC   585 0001:00064609
   587 0001:0006461C   588 0001:0006462B   589 0001:0006463E   590 0001:00064656
   591 0001:0006466A   592 0001:00064675   593 0001:0006468A   594 0001:0006469A
   595 0001:000646A4   588 0001:000646A7   597 0001:000646AC   598 0001:000646BB
   599 0001:000646CE   600 0001:000646E6   601 0001:000646FA   602 0001:00064705
   603 0001:0006471A   604 0001:0006472A   605 0001:00064734   598 0001:00064737
   607 0001:0006473C   608 0001:0006474B   609 0001:0006475E   610 0001:00064770
   611 0001:0006477B   612 0001:00064789   613 0001:0006479A   608 0001:0006479D
   615 0001:000647A2   616 0001:000647B1   617 0001:000647C4   618 0001:000647D6
   619 0001:000647DE   616 0001:000647E1   621 0001:000647E6   622 0001:000647F0
   623 0001:000647F8   624 0001:00064811   625 0001:0006482A   626 0001:00064841
   627 0001:00064849   628 0001:000648D3   629 0001:000648D7   623 0001:000648DA
   630 0001:00064903   634 0001:00064928   635 0001:00064937   636 0001:00064955
   640 0001:0006495C   641 0001:0006496B   642 0001:00064989   648 0001:00064990
   649 0001:000649B3   650 0001:000649CF   653 0001:000649D9   654 0001:000649E3
   655 0001:000649F2   656 0001:00064A12   657 0001:00064A31   656 0001:00064A65
   657 0001:00064A6A   655 0001:00064A6D   658 0001:00064A72   659 0001:00064A85
   660 0001:00064AC2   661 0001:00064AC5   663 0001:00064AEA   666 0001:00064AF4
   667 0001:00064B00   668 0001:00064B1D   669 0001:00064B3A   670 0001:00064B42
   675 0001:00064B48   676 0001:00064B54   677 0001:00064B5D   678 0001:00064B71
   679 0001:00064B76   680 0001:00064B7B   681 0001:00064B91   682 0001:00064B9C
   687 0001:00064BA0   688 0001:00064BAC   689 0001:00064BB5   690 0001:00064BC9
   691 0001:00064BD0   692 0001:00064BD5   693 0001:00064BEB   694 0001:00064BF6
   699 0001:00064BFC   703 0001:00064C08   704 0001:00064C37   705 0001:00064C58
   706 0001:00064C78   707 0001:00064CA6   708 0001:00064CAE   711 0001:00064CB4
   713 0001:00064CC0   714 0001:00064CEF   717 0001:00064CF4   719 0001:00064D00
   720 0001:00064D1D   721 0001:00064D25   724 0001:00064D2C   726 0001:00064D38
   727 0001:00064D61   728 0001:00064D69   736 0001:00064D70   737 0001:00064DA1
   738 0001:00064DA9   739 0001:00064DCF   741 0001:00064DE5   742 0001:00064DFB
   743 0001:00064E36   744 0001:00064E6F   745 0001:00064E78   746 0001:00064E94
   748 0001:00064E99   749 0001:00064ED9   750 0001:00064EF1   751 0001:00064F02
   752 0001:00064F21   753 0001:00064F3E   754 0001:00064F5A   755 0001:00064F78
   756 0001:00064F98   757 0001:00064FCB   758 0001:00064FD1   759 0001:00064FF9
   760 0001:0006500D   762 0001:00065034   763 0001:0006506D   764 0001:00065076
   765 0001:00065092   767 0001:00065097   768 0001:000650C8   769 0001:000650FB
   770 0001:00065101   771 0001:0006513D   772 0001:00065145   773 0001:00065159
   775 0001:00065180   776 0001:000651C2   779 0001:0006529C   780 0001:000652CF
   781 0001:0006531A   789 0001:00065320   790 0001:00065342   791 0001:00065351
   792 0001:00065368   793 0001:0006537A   794 0001:0006539E   795 0001:000653C4
   796 0001:00065427   797 0001:00065469   798 0001:00065495   799 0001:000654D9
   791 0001:000654DC   801 0001:000654E5   802 0001:000654FF   803 0001:0006550E
   804 0001:00065525   805 0001:00065537   806 0001:0006555B   807 0001:00065581
   808 0001:000655E4   809 0001:00065611   810 0001:0006563D   811 0001:00065681
   803 0001:00065684   812 0001:0006568D   813 0001:0006569C   814 0001:000656B3
   815 0001:000656C5   816 0001:000656E9   817 0001:0006570F   818 0001:00065751
   819 0001:00065793   820 0001:000657BF   821 0001:00065803   813 0001:00065806
   822 0001:0006580F   823 0001:00065840   826 0001:00065878   827 0001:000658AF
   828 0001:000658E4   829 0001:00065910   832 0001:00065918   833 0001:00065924
   834 0001:0006592B   835 0001:00065938   836 0001:00065941   837 0001:00065955
   838 0001:0006595C   840 0001:0006595E   841 0001:0006596C   842 0001:00065975
   843 0001:00065981   844 0001:00065986   847 0001:0006598C   848 0001:000659B7
   849 0001:000659C5   850 0001:000659DF   851 0001:000659EE   852 0001:000659F5
   853 0001:00065A3F   854 0001:00065A55   856 0001:00065A5E   857 0001:00065A65
   858 0001:00065A70   860 0001:00065A72   861 0001:00065AA1   864 0001:00065ACC
   865 0001:00065AF7   866 0001:00065B05   867 0001:00065B1F   868 0001:00065B2E
   869 0001:00065B35   870 0001:00065B7F   871 0001:00065B95   873 0001:00065B9E
   874 0001:00065BA5   875 0001:00065BB0   877 0001:00065BB2   878 0001:00065BE1
   883 0001:00065C0C   884 0001:00065C18   885 0001:00065C2E   886 0001:00065C41
   887 0001:00065C4E   890 0001:00065C64   891 0001:00065C70   892 0001:00065C7C
   894 0001:00065CB0   894 0001:00065CB7

Line numbers for C_Runner(C_Runner.pas) segment .text

    63 0001:00065CB8    64 0001:00065CBF    65 0001:00065CC7    68 0001:00065CCC
    69 0001:00065CDB    70 0001:00065CF7    73 0001:00065CFC    75 0001:00065D03
    76 0001:00065D05    77 0001:00065D07    79 0001:00065D0F    86 0001:00065D14
    87 0001:00065D41    89 0001:00065DAF    90 0001:00065DC9    91 0001:00065E32
    92 0001:00065E9C    94 0001:00065EF9    95 0001:00065F04    97 0001:00065F6B
    98 0001:00065FD5   100 0001:00066032   102 0001:0006604C   104 0001:00066066
   105 0001:0006606F   106 0001:00066078   107 0001:00066083   109 0001:000660D8
   112 0001:000660EB   114 0001:00066104   115 0001:0006611D   116 0001:0006617A
   117 0001:000661C1   118 0001:0006621E   120 0001:00066292   121 0001:000662A7
   123 0001:000662EB   125 0001:000662FF   126 0001:00066338   129 0001:0006641C
   130 0001:0006644C   131 0001:0006649B   134 0001:000664A4   135 0001:000664C0
   136 0001:000664D0   138 0001:0006655B   145 0001:0006656C   146 0001:00066595
   147 0001:0006659E   148 0001:000665DD   150 0001:0006660D   153 0001:0006661A
   156 0001:00066652   157 0001:000666E6   158 0001:000666F0   159 0001:000666FE
   160 0001:00066709   164 0001:00066725   165 0001:000667B9   166 0001:000667CB
   167 0001:000667D5   168 0001:000667E3   172 0001:000667F0   176 0001:000667FD
   177 0001:00066803   181 0001:0006688F   185 0001:000668FB   189 0001:00066967
   190 0001:00066974   193 0001:000669FE   199 0001:00066A83   200 0001:00066A88
   201 0001:00066ABC   203 0001:0006E514   203 0001:0006E51B

Line numbers for RunRobot(I:\Myutil\RunRobot\RunRobot.dpr) segment .text

    15 0001:0006E6C4    16 0001:0006E6D4    17 0001:0006E6E0    18 0001:0006E6F8
    19 0001:0006E710    20 0001:0006E728    21 0001:0006E734

Bound resource files

c:\program files (x86)\borland\delphi4\lib\CONTROLS.RES
c:\program files (x86)\borland\delphi4\lib\BUTTONS.RES
FuncMngr.DFM
VarsMngr.DFM
bkCtrl.DFM
RunRobot.RES
RunRobot.drf


Program entry point at 0001:0006E6C4
